Archive member included to satisfy reference by file (symbol)

C:\Users\firaz\STM32CubeIDE\workspace_1.16.1\P2 - Digital Multimeter\Lib\libarm_cortexM7lfsp_math.a(arm_rfft_fast_init_f32.o)
                              ./Core/Src/main.o (arm_rfft_fast_init_f32)
C:\Users\firaz\STM32CubeIDE\workspace_1.16.1\P2 - Digital Multimeter\Lib\libarm_cortexM7lfsp_math.a(arm_rfft_fast_f32.o)
                              ./Core/Src/main.o (arm_rfft_fast_f32)
C:\Users\firaz\STM32CubeIDE\workspace_1.16.1\P2 - Digital Multimeter\Lib\libarm_cortexM7lfsp_math.a(arm_cfft_f32.o)
                              C:\Users\firaz\STM32CubeIDE\workspace_1.16.1\P2 - Digital Multimeter\Lib\libarm_cortexM7lfsp_math.a(arm_rfft_fast_f32.o) (arm_cfft_f32)
C:\Users\firaz\STM32CubeIDE\workspace_1.16.1\P2 - Digital Multimeter\Lib\libarm_cortexM7lfsp_math.a(arm_cmplx_mag_f32.o)
                              ./Core/Src/main.o (arm_cmplx_mag_f32)
C:\Users\firaz\STM32CubeIDE\workspace_1.16.1\P2 - Digital Multimeter\Lib\libarm_cortexM7lfsp_math.a(arm_common_tables.o)
                              C:\Users\firaz\STM32CubeIDE\workspace_1.16.1\P2 - Digital Multimeter\Lib\libarm_cortexM7lfsp_math.a(arm_rfft_fast_init_f32.o) (twiddleCoef_rfft_4096)
C:\Users\firaz\STM32CubeIDE\workspace_1.16.1\P2 - Digital Multimeter\Lib\libarm_cortexM7lfsp_math.a(arm_bitreversal2.o)
                              C:\Users\firaz\STM32CubeIDE\workspace_1.16.1\P2 - Digital Multimeter\Lib\libarm_cortexM7lfsp_math.a(arm_cfft_f32.o) (arm_bitreversal_32)
C:\Users\firaz\STM32CubeIDE\workspace_1.16.1\P2 - Digital Multimeter\Lib\libarm_cortexM7lfsp_math.a(arm_cfft_radix8_f32.o)
                              C:\Users\firaz\STM32CubeIDE\workspace_1.16.1\P2 - Digital Multimeter\Lib\libarm_cortexM7lfsp_math.a(arm_cfft_f32.o) (arm_radix8_butterfly_f32)
C:/ST/STM32CubeIDE_1.16.1/STM32CubeIDE/plugins/com.st.stm32cube.ide.mcu.externaltools.gnu-tools-for-stm32.12.3.rel1.win32_1.0.200.202406191623/tools/bin/../lib/gcc/arm-none-eabi/12.3.1/../../../../arm-none-eabi/lib/thumb/v7e-m+fp/hard\libc_nano.a(libc_a-exit.o)
                              C:/ST/STM32CubeIDE_1.16.1/STM32CubeIDE/plugins/com.st.stm32cube.ide.mcu.externaltools.gnu-tools-for-stm32.12.3.rel1.win32_1.0.200.202406191623/tools/bin/../lib/gcc/arm-none-eabi/12.3.1/../../../../arm-none-eabi/lib/thumb/v7e-m+fp/hard/crt0.o (exit)
C:/ST/STM32CubeIDE_1.16.1/STM32CubeIDE/plugins/com.st.stm32cube.ide.mcu.externaltools.gnu-tools-for-stm32.12.3.rel1.win32_1.0.200.202406191623/tools/bin/../lib/gcc/arm-none-eabi/12.3.1/../../../../arm-none-eabi/lib/thumb/v7e-m+fp/hard\libc_nano.a(libc_a-findfp.o)
                              C:/ST/STM32CubeIDE_1.16.1/STM32CubeIDE/plugins/com.st.stm32cube.ide.mcu.externaltools.gnu-tools-for-stm32.12.3.rel1.win32_1.0.200.202406191623/tools/bin/../lib/gcc/arm-none-eabi/12.3.1/../../../../arm-none-eabi/lib/thumb/v7e-m+fp/hard\libc_nano.a(libc_a-exit.o) (__stdio_exit_handler)
C:/ST/STM32CubeIDE_1.16.1/STM32CubeIDE/plugins/com.st.stm32cube.ide.mcu.externaltools.gnu-tools-for-stm32.12.3.rel1.win32_1.0.200.202406191623/tools/bin/../lib/gcc/arm-none-eabi/12.3.1/../../../../arm-none-eabi/lib/thumb/v7e-m+fp/hard\libc_nano.a(libc_a-fwalk.o)
                              C:/ST/STM32CubeIDE_1.16.1/STM32CubeIDE/plugins/com.st.stm32cube.ide.mcu.externaltools.gnu-tools-for-stm32.12.3.rel1.win32_1.0.200.202406191623/tools/bin/../lib/gcc/arm-none-eabi/12.3.1/../../../../arm-none-eabi/lib/thumb/v7e-m+fp/hard\libc_nano.a(libc_a-findfp.o) (_fwalk_sglue)
C:/ST/STM32CubeIDE_1.16.1/STM32CubeIDE/plugins/com.st.stm32cube.ide.mcu.externaltools.gnu-tools-for-stm32.12.3.rel1.win32_1.0.200.202406191623/tools/bin/../lib/gcc/arm-none-eabi/12.3.1/../../../../arm-none-eabi/lib/thumb/v7e-m+fp/hard\libc_nano.a(libc_a-sprintf.o)
                              ./Core/Src/main.o (sprintf)
C:/ST/STM32CubeIDE_1.16.1/STM32CubeIDE/plugins/com.st.stm32cube.ide.mcu.externaltools.gnu-tools-for-stm32.12.3.rel1.win32_1.0.200.202406191623/tools/bin/../lib/gcc/arm-none-eabi/12.3.1/../../../../arm-none-eabi/lib/thumb/v7e-m+fp/hard\libc_nano.a(libc_a-stdio.o)
                              C:/ST/STM32CubeIDE_1.16.1/STM32CubeIDE/plugins/com.st.stm32cube.ide.mcu.externaltools.gnu-tools-for-stm32.12.3.rel1.win32_1.0.200.202406191623/tools/bin/../lib/gcc/arm-none-eabi/12.3.1/../../../../arm-none-eabi/lib/thumb/v7e-m+fp/hard\libc_nano.a(libc_a-findfp.o) (__sread)
C:/ST/STM32CubeIDE_1.16.1/STM32CubeIDE/plugins/com.st.stm32cube.ide.mcu.externaltools.gnu-tools-for-stm32.12.3.rel1.win32_1.0.200.202406191623/tools/bin/../lib/gcc/arm-none-eabi/12.3.1/../../../../arm-none-eabi/lib/thumb/v7e-m+fp/hard\libc_nano.a(libc_a-memset.o)
                              C:/ST/STM32CubeIDE_1.16.1/STM32CubeIDE/plugins/com.st.stm32cube.ide.mcu.externaltools.gnu-tools-for-stm32.12.3.rel1.win32_1.0.200.202406191623/tools/bin/../lib/gcc/arm-none-eabi/12.3.1/../../../../arm-none-eabi/lib/thumb/v7e-m+fp/hard/crt0.o (memset)
[...]
Memory Configuration

Name             Origin             Length             Attributes
RAM              0x20000000         0x00018000         xrw
RAM2             0x10000000         0x00008000         xrw
FLASH            0x08000000         0x00100000         xr
*default*        0x00000000         0xffffffff

Linker script and memory map

LOAD C:/ST/STM32CubeIDE_1.16.1/STM32CubeIDE/plugins/com.st.stm32cube.ide.mcu.externaltools.gnu-tools-for-stm32.12.3.rel1.win32_1.0.200.202406191623/tools/bin/../lib/gcc/arm-none-eabi/12.3.1/thumb/v7e-m+fp/hard/crti.o
LOAD C:/ST/STM32CubeIDE_1.16.1/STM32CubeIDE/plugins/com.st.stm32cube.ide.mcu.externaltools.gnu-tools-for-stm32.12.3.rel1.win32_1.0.200.202406191623/tools/bin/../lib/gcc/arm-none-eabi/12.3.1/thumb/v7e-m+fp/hard/crtbegin.o
LOAD C:/ST/STM32CubeIDE_1.16.1/STM32CubeIDE/plugins/com.st.stm32cube.ide.mcu.externaltools.gnu-tools-for-stm32.12.3.rel1.win32_1.0.200.202406191623/tools/bin/../lib/gcc/arm-none-eabi/12.3.1/../../../../arm-none-eabi/lib/thumb/v7e-m+fp/hard/crt0.o
LOAD ./Core/Src/ADC.o
LOAD ./Core/Src/UART.o
LOAD ./Core/Src/main.o
LOAD ./Core/Src/stm32l4xx_hal_msp.o
LOAD ./Core/Src/stm32l4xx_it.o
LOAD ./Core/Src/syscalls.o
LOAD ./Core/Src/sysmem.o
LOAD ./Core/Src/system_stm32l4xx.o
LOAD ./Core/Src/timer.o
LOAD ./Core/Startup/startup_stm32l476rgtx.o
LOAD ./Drivers/STM32L4xx_HAL_Driver/Src/stm32l4xx_hal.o
LOAD ./Drivers/STM32L4xx_HAL_Driver/Src/stm32l4xx_hal_cortex.o
LOAD ./Drivers/STM32L4xx_HAL_Driver/Src/stm32l4xx_hal_dma.o
LOAD ./Drivers/STM32L4xx_HAL_Driver/Src/stm32l4xx_hal_dma_ex.o
LOAD ./Drivers/STM32L4xx_HAL_Driver/Src/stm32l4xx_hal_exti.o
LOAD ./Drivers/STM32L4xx_HAL_Driver/Src/stm32l4xx_hal_flash.o
LOAD ./Drivers/STM32L4xx_HAL_Driver/Src/stm32l4xx_hal_flash_ex.o
LOAD ./Drivers/STM32L4xx_HAL_Driver/Src/stm32l4xx_hal_flash_ramfunc.o
LOAD ./Drivers/STM32L4xx_HAL_Driver/Src/stm32l4xx_hal_gpio.o
LOAD ./Drivers/STM32L4xx_HAL_Driver/Src/stm32l4xx_hal_i2c.o
LOAD ./Drivers/STM32L4xx_HAL_Driver/Src/stm32l4xx_hal_i2c_ex.o
LOAD ./Drivers/STM32L4xx_HAL_Driver/Src/stm32l4xx_hal_pwr.o
LOAD ./Drivers/STM32L4xx_HAL_Driver/Src/stm32l4xx_hal_pwr_ex.o
LOAD ./Drivers/STM32L4xx_HAL_Driver/Src/stm32l4xx_hal_rcc.o
LOAD ./Drivers/STM32L4xx_HAL_Driver/Src/stm32l4xx_hal_rcc_ex.o
LOAD ./Drivers/STM32L4xx_HAL_Driver/Src/stm32l4xx_hal_tim.o
LOAD ./Drivers/STM32L4xx_HAL_Driver/Src/stm32l4xx_hal_tim_ex.o
LOAD C:\Users\firaz\STM32CubeIDE\workspace_1.16.1\P2 - Digital Multimeter\Lib\libarm_cortexM7lfsp_math.a
START GROUP
LOAD C:/ST/STM32CubeIDE_1.16.1/STM32CubeIDE/plugins/com.st.stm32cube.ide.mcu.externaltools.gnu-tools-for-stm32.12.3.rel1.win32_1.0.200.202406191623/tools/bin/../lib/gcc/arm-none-eabi/12.3.1/../../../../arm-none-eabi/lib/thumb/v7e-m+fp/hard\libc_nano.a
LOAD C:/ST/STM32CubeIDE_1.16.1/STM32CubeIDE/plugins/com.st.stm32cube.ide.mcu.externaltools.gnu-tools-for-stm32.12.3.rel1.win32_1.0.200.202406191623/tools/bin/../lib/gcc/arm-none-eabi/12.3.1/../../../../arm-none-eabi/lib/thumb/v7e-m+fp/hard\libm.a
END GROUP
START GROUP
LOAD C:/ST/STM32CubeIDE_1.16.1/STM32CubeIDE/plugins/com.st.stm32cube.ide.mcu.externaltools.gnu-tools-for-stm32.12.3.rel1.win32_1.0.200.202406191623/tools/bin/../lib/gcc/arm-none-eabi/12.3.1/thumb/v7e-m+fp/hard\libgcc.a
LOAD C:/ST/STM32CubeIDE_1.16.1/STM32CubeIDE/plugins/com.st.stm32cube.ide.mcu.externaltools.gnu-tools-for-stm32.12.3.rel1.win32_1.0.200.202406191623/tools/bin/../lib/gcc/arm-none-eabi/12.3.1/../../../../arm-none-eabi/lib/thumb/v7e-m+fp/hard\libc_nano.a
END GROUP
START GROUP
LOAD C:/ST/STM32CubeIDE_1.16.1/STM32CubeIDE/plugins/com.st.stm32cube.ide.mcu.externaltools.gnu-tools-for-stm32.12.3.rel1.win32_1.0.200.202406191623/tools/bin/../lib/gcc/arm-none-eabi/12.3.1/thumb/v7e-m+fp/hard\libgcc.a
LOAD C:/ST/STM32CubeIDE_1.16.1/STM32CubeIDE/plugins/com.st.stm32cube.ide.mcu.externaltools.gnu-tools-for-stm32.12.3.rel1.win32_1.0.200.202406191623/tools/bin/../lib/gcc/arm-none-eabi/12.3.1/../../../../arm-none-eabi/lib/thumb/v7e-m+fp/hard\libc_nano.a
LOAD C:/ST/STM32CubeIDE_1.16.1/STM32CubeIDE/plugins/com.st.stm32cube.ide.mcu.externaltools.gnu-tools-for-stm32.12.3.rel1.win32_1.0.200.202406191623/tools/bin/../lib/gcc/arm-none-eabi/12.3.1/../../../../arm-none-eabi/lib/thumb/v7e-m+fp/hard\libnosys.a
END GROUP
START GROUP
LOAD C:/ST/STM32CubeIDE_1.16.1/STM32CubeIDE/plugins/com.st.stm32cube.ide.mcu.externaltools.gnu-tools-for-stm32.12.3.rel1.win32_1.0.200.202406191623/tools/bin/../lib/gcc/arm-none-eabi/12.3.1/thumb/v7e-m+fp/hard\libgcc.a
LOAD C:/ST/STM32CubeIDE_1.16.1/STM32CubeIDE/plugins/com.st.stm32cube.ide.mcu.externaltools.gnu-tools-for-stm32.12.3.rel1.win32_1.0.200.202406191623/tools/bin/../lib/gcc/arm-none-eabi/12.3.1/../../../../arm-none-eabi/lib/thumb/v7e-m+fp/hard\libc_nano.a
LOAD C:/ST/STM32CubeIDE_1.16.1/STM32CubeIDE/plugins/com.st.stm32cube.ide.mcu.externaltools.gnu-tools-for-stm32.12.3.rel1.win32_1.0.200.202406191623/tools/bin/../lib/gcc/arm-none-eabi/12.3.1/../../../../arm-none-eabi/lib/thumb/v7e-m+fp/hard\libnosys.a
END GROUP
LOAD C:/ST/STM32CubeIDE_1.16.1/STM32CubeIDE/plugins/com.st.stm32cube.ide.mcu.externaltools.gnu-tools-for-stm32.12.3.rel1.win32_1.0.200.202406191623/tools/bin/../lib/gcc/arm-none-eabi/12.3.1/thumb/v7e-m+fp/hard/crtend.o
LOAD C:/ST/STM32CubeIDE_1.16.1/STM32CubeIDE/plugins/com.st.stm32cube.ide.mcu.externaltools.gnu-tools-for-stm32.12.3.rel1.win32_1.0.200.202406191623/tools/bin/../lib/gcc/arm-none-eabi/12.3.1/thumb/v7e-m+fp/hard/crtn.o
                0x20018000                        _estack = (ORIGIN (RAM) + LENGTH (RAM))
                0x00000200                        _Min_Heap_Size = 0x200
                0x00000400                        _Min_Stack_Size = 0x400

.isr_vector     0x08000000      0x188
                0x08000000                        . = ALIGN (0x4)
 *(.isr_vector)
 .isr_vector    0x08000000      0x188 ./Core/Startup/startup_stm32l476rgtx.o
                0x08000000                g_pfnVectors
                0x08000188                        . = ALIGN (0x4)

.text           0x08000190     0x4338
                0x08000190                        . = ALIGN (0x4)
 *(.text)
 .text          0x08000190       0x40 C:/ST/STM32CubeIDE_1.16.1/STM32CubeIDE/plugins/com.st.stm32cube.ide.mcu.externaltools.gnu-tools-for-stm32.12.3.rel1.win32_1.0.200.202406191623/tools/bin/../lib/gcc/arm-none-eabi/12.3.1/thumb/v7e-m+fp/hard/crtbegin.o
 .text          0x080001d0       0xc0 C:\Users\firaz\STM32CubeIDE\workspace_1.16.1\P2 - Digital Multimeter\Lib\libarm_cortexM7lfsp_math.a(arm_bitreversal2.o)
                0x080001d0                arm_bitreversal_32
                0x0800023a                arm_bitreversal_16
 .text          0x08000290       0xa0 C:/ST/STM32CubeIDE_1.16.1/STM32CubeIDE/plugins/com.st.stm32cube.ide.mcu.externaltools.gnu-tools-for-stm32.12.3.rel1.win32_1.0.200.202406191623/tools/bin/../lib/gcc/arm-none-eabi/12.3.1/../../../../arm-none-eabi/lib/thumb/v7e-m+fp/hard\libc_nano.a(libc_a-memchr.o)
                0x08000290                memchr
 .text          0x08000330      0x378 C:/ST/STM32CubeIDE_1.16.1/STM32CubeIDE/plugins/com.st.stm32cube.ide.mcu.externaltools.gnu-tools-for-stm32.12.3.rel1.win32_1.0.200.202406191623/tools/bin/../lib/gcc/arm-none-eabi/12.3.1/thumb/v7e-m+fp/hard\libgcc.a(_arm_addsubdf3.o)
                0x08000330                __aeabi_drsub
                0x08000338                __aeabi_dsub
                0x08000338                __subdf3
                0x0800033c                __aeabi_dadd
                0x0800033c                __adddf3
                0x080005b4                __floatunsidf
                0x080005b4                __aeabi_ui2d
                0x080005d4                __floatsidf
                0x080005d4                __aeabi_i2d
                0x080005f8                __aeabi_f2d
                0x080005f8                __extendsfdf2
                0x0800063c                __floatundidf
                0x0800063c                __aeabi_ul2d
                0x0800064c                __floatdidf
                0x0800064c                __aeabi_l2d
 .text          0x080006a8      0x424 C:/ST/STM32CubeIDE_1.16.1/STM32CubeIDE/plugins/com.st.stm32cube.ide.mcu.externaltools.gnu-tools-for-stm32.12.3.rel1.win32_1.0.200.202406191623/tools/bin/../lib/gcc/arm-none-eabi/12.3.1/thumb/v7e-m+fp/hard\libgcc.a(_arm_muldivdf3.o)
                0x080006a8                __aeabi_dmul
                0x080006a8                __muldf3
                0x080008fc                __divdf3
                0x080008fc                __aeabi_ddiv
 .text          0x08000acc       0x40 C:/ST/STM32CubeIDE_1.16.1/STM32CubeIDE/plugins/com.st.stm32cube.ide.mcu.externaltools.gnu-tools-for-stm32.12.3.rel1.win32_1.0.200.202406191623/tools/bin/../lib/gcc/arm-none-eabi/12.3.1/thumb/v7e-m+fp/hard\libgcc.a(_arm_fixunsdfsi.o)
                0x08000acc                __aeabi_d2uiz
                0x08000acc                __fixunsdfsi
 *(.text*)
 .text.__NVIC_EnableIRQ
                0x08000b0c       0x3c ./Core/Src/ADC.o
 .text.collect_samples
                0x08000b48       0x5c ./Core/Src/ADC.o
                0x08000b48                collect_samples
 .text.ADC1_2_IRQHandler
                0x08000ba4       0x44 ./Core/Src/ADC.o
                0x08000ba4                ADC1_2_IRQHandler
 .text.get_avg  0x08000be8       0x88 ./Core/Src/ADC.o
                0x08000be8                get_avg
 .text.get_min  0x08000c70       0x98 ./Core/Src/ADC.o
                0x08000c70                get_min
 .text.get_max  0x08000d08       0x8c ./Core/Src/ADC.o
                0x08000d08                get_max
 .text.ADC_init
                0x08000d94      0x138 ./Core/Src/ADC.o
                0x08000d94                ADC_init
 .text.UART_print
                0x08000ecc       0x48 ./Core/Src/UART.o
                0x08000ecc                UART_print
 .text.UART_init
                0x08000f14       0xf8 ./Core/Src/UART.o
                0x08000f14                UART_init
 *fill*         0x0800100c        0x4 
 .text.main     0x08001010      0x384 ./Core/Src/main.o
                0x08001010                main
 .text.refine_volt
                0x08001394       0xe8 ./Core/Src/main.o
                0x08001394                refine_volt
 .text.TIM2_IRQHandler
                0x0800147c       0x80 ./Core/Src/main.o
                0x0800147c                TIM2_IRQHandler
 .text.compute_fft
                0x080014fc       0xa0 ./Core/Src/main.o
                0x080014fc                compute_fft
 .text.output_measurements
                0x0800159c      0x1ec ./Core/Src/main.o
                0x0800159c                output_measurements
 .text.SystemClock_Config
                0x08001788       0x8c ./Core/Src/main.o
                0x08001788                SystemClock_Config
 .text.Error_Handler
                0x08001814        0xc ./Core/Src/main.o
                0x08001814                Error_Handler
 .text.HAL_MspInit
                0x08001820       0x48 ./Core/Src/stm32l4xx_hal_msp.o
                0x08001820                HAL_MspInit
 .text.NMI_Handler
                0x08001868        0x8 ./Core/Src/stm32l4xx_it.o
                0x08001868                NMI_Handler
 .text.HardFault_Handler
                0x08001870        0x8 ./Core/Src/stm32l4xx_it.o
                0x08001870                HardFault_Handler
 .text.MemManage_Handler
                0x08001878        0x8 ./Core/Src/stm32l4xx_it.o
                0x08001878                MemManage_Handler
 .text.BusFault_Handler
                0x08001880        0x8 ./Core/Src/stm32l4xx_it.o
                0x08001880                BusFault_Handler
 .text.UsageFault_Handler
                0x08001888        0x8 ./Core/Src/stm32l4xx_it.o
                0x08001888                UsageFault_Handler
 .text.SVC_Handler
                0x08001890        0xe ./Core/Src/stm32l4xx_it.o
                0x08001890                SVC_Handler
 .text.DebugMon_Handler
                0x0800189e        0xe ./Core/Src/stm32l4xx_it.o
                0x0800189e                DebugMon_Handler
 .text.PendSV_Handler
                0x080018ac        0xe ./Core/Src/stm32l4xx_it.o
                0x080018ac                PendSV_Handler
 .text.SysTick_Handler
                0x080018ba        0xc ./Core/Src/stm32l4xx_it.o
                0x080018ba                SysTick_Handler
 *fill*         0x080018c6        0x2 
 .text._sbrk    0x080018c8       0x6c ./Core/Src/sysmem.o
                0x080018c8                _sbrk
 .text.SystemInit
                0x08001934       0x24 ./Core/Src/system_stm32l4xx.o
                0x08001934                SystemInit
 .text.__NVIC_EnableIRQ
                0x08001958       0x3c ./Core/Src/timer.o
 .text.TIM2_init
                0x08001994       0x78 ./Core/Src/timer.o
                0x08001994                TIM2_init
 .text.Reset_Handler
                0x08001a0c       0x50 ./Core/Startup/startup_stm32l476rgtx.o
                0x08001a0c                Reset_Handler
 .text.Default_Handler
                0x08001a5c        0x2 ./Core/Startup/startup_stm32l476rgtx.o
                0x08001a5c                RTC_Alarm_IRQHandler
                0x08001a5c                EXTI2_IRQHandler
                0x08001a5c                TIM8_TRG_COM_IRQHandler
                0x08001a5c                TIM8_CC_IRQHandler
                0x08001a5c                TIM1_CC_IRQHandler
                0x08001a5c                TSC_IRQHandler
                0x08001a5c                TAMP_STAMP_IRQHandler
                0x08001a5c                EXTI3_IRQHandler
                0x08001a5c                LPTIM2_IRQHandler
                0x08001a5c                DFSDM1_FLT1_IRQHandler
                0x08001a5c                I2C3_ER_IRQHandler
                0x08001a5c                DFSDM1_FLT2_IRQHandler
                0x08001a5c                EXTI0_IRQHandler
                0x08001a5c                I2C2_EV_IRQHandler
                0x08001a5c                CAN1_RX0_IRQHandler
                0x08001a5c                FPU_IRQHandler
                0x08001a5c                TIM1_UP_TIM16_IRQHandler
                0x08001a5c                SPI1_IRQHandler
                0x08001a5c                TIM6_DAC_IRQHandler
                0x08001a5c                TIM8_UP_IRQHandler
                0x08001a5c                DMA2_Channel2_IRQHandler
                0x08001a5c                DMA1_Channel4_IRQHandler
                0x08001a5c                SAI2_IRQHandler
                0x08001a5c                DFSDM1_FLT3_IRQHandler
                0x08001a5c                USART3_IRQHandler
                0x08001a5c                DMA1_Channel7_IRQHandler
                0x08001a5c                CAN1_RX1_IRQHandler
                0x08001a5c                LCD_IRQHandler
                0x08001a5c                UART5_IRQHandler
                0x08001a5c                ADC3_IRQHandler
                0x08001a5c                TIM4_IRQHandler
                0x08001a5c                DMA2_Channel1_IRQHandler
                0x08001a5c                QUADSPI_IRQHandler
                0x08001a5c                I2C1_EV_IRQHandler
                0x08001a5c                DMA1_Channel6_IRQHandler
                0x08001a5c                UART4_IRQHandler
                0x08001a5c                DMA2_Channel4_IRQHandler
                0x08001a5c                TIM3_IRQHandler
                0x08001a5c                RCC_IRQHandler
                0x08001a5c                DMA1_Channel1_IRQHandler
                0x08001a5c                Default_Handler
                0x08001a5c                DMA2_Channel7_IRQHandler
                0x08001a5c                EXTI15_10_IRQHandler
                0x08001a5c                TIM7_IRQHandler
                0x08001a5c                SDMMC1_IRQHandler
                0x08001a5c                TIM5_IRQHandler
                0x08001a5c                I2C3_EV_IRQHandler
                0x08001a5c                EXTI9_5_IRQHandler
                0x08001a5c                RTC_WKUP_IRQHandler
                0x08001a5c                PVD_PVM_IRQHandler
                0x08001a5c                SPI2_IRQHandler
                0x08001a5c                CAN1_TX_IRQHandler
                0x08001a5c                DMA2_Channel5_IRQHandler
                0x08001a5c                DMA1_Channel5_IRQHandler
                0x08001a5c                EXTI4_IRQHandler
                0x08001a5c                RNG_IRQHandler
                0x08001a5c                TIM1_TRG_COM_TIM17_IRQHandler
                0x08001a5c                DMA1_Channel3_IRQHandler
                0x08001a5c                COMP_IRQHandler
                0x08001a5c                WWDG_IRQHandler
                0x08001a5c                LPUART1_IRQHandler
                0x08001a5c                DMA2_Channel6_IRQHandler
                0x08001a5c                EXTI1_IRQHandler
                0x08001a5c                USART2_IRQHandler
                0x08001a5c                DFSDM1_FLT0_IRQHandler
                0x08001a5c                I2C2_ER_IRQHandler
                0x08001a5c                DMA1_Channel2_IRQHandler
                0x08001a5c                TIM8_BRK_IRQHandler
                0x08001a5c                CAN1_SCE_IRQHandler
                0x08001a5c                FLASH_IRQHandler
                0x08001a5c                USART1_IRQHandler
                0x08001a5c                OTG_FS_IRQHandler
                0x08001a5c                SPI3_IRQHandler
                0x08001a5c                I2C1_ER_IRQHandler
                0x08001a5c                FMC_IRQHandler
                0x08001a5c                SWPMI1_IRQHandler
                0x08001a5c                LPTIM1_IRQHandler
                0x08001a5c                SAI1_IRQHandler
                0x08001a5c                DMA2_Channel3_IRQHandler
                0x08001a5c                TIM1_BRK_TIM15_IRQHandler
 .text.HAL_Init
                0x08001a5e       0x30 ./Drivers/STM32L4xx_HAL_Driver/Src/stm32l4xx_hal.o
                0x08001a5e                HAL_Init
 *fill*         0x08001a8e        0x2 
 .text.HAL_InitTick
                0x08001a90       0x78 ./Drivers/STM32L4xx_HAL_Driver/Src/stm32l4xx_hal.o
                0x08001a90                HAL_InitTick
 .text.HAL_IncTick
                0x08001b08       0x28 ./Drivers/STM32L4xx_HAL_Driver/Src/stm32l4xx_hal.o
                0x08001b08                HAL_IncTick
 .text.HAL_GetTick
                0x08001b30       0x18 ./Drivers/STM32L4xx_HAL_Driver/Src/stm32l4xx_hal.o
                0x08001b30                HAL_GetTick
 .text.__NVIC_SetPriorityGrouping
                0x08001b48       0x48 ./Drivers/STM32L4xx_HAL_Driver/Src/stm32l4xx_hal_cortex.o
 .text.__NVIC_GetPriorityGrouping
                0x08001b90       0x1c ./Drivers/STM32L4xx_HAL_Driver/Src/stm32l4xx_hal_cortex.o
 .text.__NVIC_SetPriority
                0x08001bac       0x54 ./Drivers/STM32L4xx_HAL_Driver/Src/stm32l4xx_hal_cortex.o
 .text.NVIC_EncodePriority
                0x08001c00       0x66 ./Drivers/STM32L4xx_HAL_Driver/Src/stm32l4xx_hal_cortex.o
 *fill*         0x08001c66        0x2 
 .text.SysTick_Config
                0x08001c68       0x44 ./Drivers/STM32L4xx_HAL_Driver/Src/stm32l4xx_hal_cortex.o
 .text.HAL_NVIC_SetPriorityGrouping
                0x08001cac       0x16 ./Drivers/STM32L4xx_HAL_Driver/Src/stm32l4xx_hal_cortex.o
                0x08001cac                HAL_NVIC_SetPriorityGrouping
 .text.HAL_NVIC_SetPriority
                0x08001cc2       0x38 ./Drivers/STM32L4xx_HAL_Driver/Src/stm32l4xx_hal_cortex.o
                0x08001cc2                HAL_NVIC_SetPriority
 .text.HAL_SYSTICK_Config
                0x08001cfa       0x18 ./Drivers/STM32L4xx_HAL_Driver/Src/stm32l4xx_hal_cortex.o
                0x08001cfa                HAL_SYSTICK_Config
 *fill*         0x08001d12        0x2 
 .text.HAL_PWREx_GetVoltageRange
                0x08001d14       0x1c ./Drivers/STM32L4xx_HAL_Driver/Src/stm32l4xx_hal_pwr_ex.o
                0x08001d14                HAL_PWREx_GetVoltageRange
 .text.HAL_PWREx_ControlVoltageScaling
                0x08001d30       0xac ./Drivers/STM32L4xx_HAL_Driver/Src/stm32l4xx_hal_pwr_ex.o
                0x08001d30                HAL_PWREx_ControlVoltageScaling
 .text.HAL_RCC_OscConfig
                0x08001ddc      0x7b8 ./Drivers/STM32L4xx_HAL_Driver/Src/stm32l4xx_hal_rcc.o
                0x08001ddc                HAL_RCC_OscConfig
 .text.HAL_RCC_ClockConfig
                0x08002594      0x200 ./Drivers/STM32L4xx_HAL_Driver/Src/stm32l4xx_hal_rcc.o
                0x08002594                HAL_RCC_ClockConfig
 .text.HAL_RCC_GetSysClockFreq
                0x08002794      0x118 ./Drivers/STM32L4xx_HAL_Driver/Src/stm32l4xx_hal_rcc.o
                0x08002794                HAL_RCC_GetSysClockFreq
 .text.RCC_SetFlashLatencyFromMSIRange
                0x080028ac       0xc0 ./Drivers/STM32L4xx_HAL_Driver/Src/stm32l4xx_hal_rcc.o
 .text.arm_rfft_fast_init_f32
                0x0800296c      0x164 C:\Users\firaz\STM32CubeIDE\workspace_1.16.1\P2 - Digital Multimeter\Lib\libarm_cortexM7lfsp_math.a(arm_rfft_fast_init_f32.o)
                0x0800296c                arm_rfft_fast_init_f32
 .text.arm_rfft_fast_f32
                0x08002ad0      0x188 C:\Users\firaz\STM32CubeIDE\workspace_1.16.1\P2 - Digital Multimeter\Lib\libarm_cortexM7lfsp_math.a(arm_rfft_fast_f32.o)
                0x08002ad0                arm_rfft_fast_f32
 .text.arm_cfft_radix8by2_f32
                0x08002c58      0x1a4 C:\Users\firaz\STM32CubeIDE\workspace_1.16.1\P2 - Digital Multimeter\Lib\libarm_cortexM7lfsp_math.a(arm_cfft_f32.o)
                0x08002c58                arm_cfft_radix8by2_f32
 .text.arm_cfft_radix8by4_f32
                0x08002dfc      0x4b0 C:\Users\firaz\STM32CubeIDE\workspace_1.16.1\P2 - Digital Multimeter\Lib\libarm_cortexM7lfsp_math.a(arm_cfft_f32.o)
                0x08002dfc                arm_cfft_radix8by4_f32
 .text.arm_cfft_f32
                0x080032ac       0xf0 C:\Users\firaz\STM32CubeIDE\workspace_1.16.1\P2 - Digital Multimeter\Lib\libarm_cortexM7lfsp_math.a(arm_cfft_f32.o)
                0x080032ac                arm_cfft_f32
 .text.arm_cmplx_mag_f32
                0x0800339c      0x1d0 C:\Users\firaz\STM32CubeIDE\workspace_1.16.1\P2 - Digital Multimeter\Lib\libarm_cortexM7lfsp_math.a(arm_cmplx_mag_f32.o)
                0x0800339c                arm_cmplx_mag_f32
 .text.arm_radix8_butterfly_f32
                0x0800356c      0x5c0 C:\Users\firaz\STM32CubeIDE\workspace_1.16.1\P2 - Digital Multimeter\Lib\libarm_cortexM7lfsp_math.a(arm_cfft_radix8_f32.o)
                0x0800356c                arm_radix8_butterfly_f32
 .text.sprintf  0x08003b2c       0x40 C:/ST/STM32CubeIDE_1.16.1/STM32CubeIDE/plugins/com.st.stm32cube.ide.mcu.externaltools.gnu-tools-for-stm32.12.3.rel1.win32_1.0.200.202406191623/tools/bin/../lib/gcc/arm-none-eabi/12.3.1/../../../../arm-none-eabi/lib/thumb/v7e-m+fp/hard\libc_nano.a(libc_a-sprintf.o)
                0x08003b2c                siprintf
                0x08003b2c                sprintf
 .text.memset   0x08003b6c       0x10 C:/ST/STM32CubeIDE_1.16.1/STM32CubeIDE/plugins/com.st.stm32cube.ide.mcu.externaltools.gnu-tools-for-stm32.12.3.rel1.win32_1.0.200.202406191623/tools/bin/../lib/gcc/arm-none-eabi/12.3.1/../../../../arm-none-eabi/lib/thumb/v7e-m+fp/hard\libc_nano.a(libc_a-memset.o)
                0x08003b6c                memset
 .text.__errno  0x08003b7c        0xc C:/ST/STM32CubeIDE_1.16.1/STM32CubeIDE/plugins/com.st.stm32cube.ide.mcu.externaltools.gnu-tools-for-stm32.12.3.rel1.win32_1.0.200.202406191623/tools/bin/../lib/gcc/arm-none-eabi/12.3.1/../../../../arm-none-eabi/lib/thumb/v7e-m+fp/hard\libc_nano.a(libc_a-errno.o)
                0x08003b7c                __errno
 .text.__libc_init_array
                0x08003b88       0x48 C:/ST/STM32CubeIDE_1.16.1/STM32CubeIDE/plugins/com.st.stm32cube.ide.mcu.externaltools.gnu-tools-for-stm32.12.3.rel1.win32_1.0.200.202406191623/tools/bin/../lib/gcc/arm-none-eabi/12.3.1/../../../../arm-none-eabi/lib/thumb/v7e-m+fp/hard\libc_nano.a(libc_a-init.o)
                0x08003b88                __libc_init_array
 .text.__retarget_lock_acquire_recursive
                0x08003bd0        0x2 C:/ST/STM32CubeIDE_1.16.1/STM32CubeIDE/plugins/com.st.stm32cube.ide.mcu.externaltools.gnu-tools-for-stm32.12.3.rel1.win32_1.0.200.202406191623/tools/bin/../lib/gcc/arm-none-eabi/12.3.1/../../../../arm-none-eabi/lib/thumb/v7e-m+fp/hard\libc_nano.a(libc_a-lock.o)
                0x08003bd0                __retarget_lock_acquire_recursive
 .text.__retarget_lock_release_recursive
                0x08003bd2        0x2 C:/ST/STM32CubeIDE_1.16.1/STM32CubeIDE/plugins/com.st.stm32cube.ide.mcu.externaltools.gnu-tools-for-stm32.12.3.rel1.win32_1.0.200.202406191623/tools/bin/../lib/gcc/arm-none-eabi/12.3.1/../../../../arm-none-eabi/lib/thumb/v7e-m+fp/hard\libc_nano.a(libc_a-lock.o)
                0x08003bd2                __retarget_lock_release_recursive
 .text._free_r  0x08003bd4       0x94 C:/ST/STM32CubeIDE_1.16.1/STM32CubeIDE/plugins/com.st.stm32cube.ide.mcu.externaltools.gnu-tools-for-stm32.12.3.rel1.win32_1.0.200.202406191623/tools/bin/../lib/gcc/arm-none-eabi/12.3.1/../../../../arm-none-eabi/lib/thumb/v7e-m+fp/hard\libc_nano.a(libc_a-freer.o)
                0x08003bd4                _free_r
 .text.sbrk_aligned
                0x08003c68       0x44 C:/ST/STM32CubeIDE_1.16.1/STM32CubeIDE/plugins/com.st.stm32cube.ide.mcu.externaltools.gnu-tools-for-stm32.12.3.rel1.win32_1.0.200.202406191623/tools/bin/../lib/gcc/arm-none-eabi/12.3.1/../../../../arm-none-eabi/lib/thumb/v7e-m+fp/hard\libc_nano.a(libc_a-mallocr.o)
 .text._malloc_r
                0x08003cac      0x100 C:/ST/STM32CubeIDE_1.16.1/STM32CubeIDE/plugins/com.st.stm32cube.ide.mcu.externaltools.gnu-tools-for-stm32.12.3.rel1.win32_1.0.200.202406191623/tools/bin/../lib/gcc/arm-none-eabi/12.3.1/../../../../arm-none-eabi/lib/thumb/v7e-m+fp/hard\libc_nano.a(libc_a-mallocr.o)
                0x08003cac                _malloc_r
 .text.__malloc_lock
                0x08003dac        0xc C:/ST/STM32CubeIDE_1.16.1/STM32CubeIDE/plugins/com.st.stm32cube.ide.mcu.externaltools.gnu-tools-for-stm32.12.3.rel1.win32_1.0.200.202406191623/tools/bin/../lib/gcc/arm-none-eabi/12.3.1/../../../../arm-none-eabi/lib/thumb/v7e-m+fp/hard\libc_nano.a(libc_a-mlock.o)
                0x08003dac                __malloc_lock
 .text.__malloc_unlock
                0x08003db8        0xc C:/ST/STM32CubeIDE_1.16.1/STM32CubeIDE/plugins/com.st.stm32cube.ide.mcu.externaltools.gnu-tools-for-stm32.12.3.rel1.win32_1.0.200.202406191623/tools/bin/../lib/gcc/arm-none-eabi/12.3.1/../../../../arm-none-eabi/lib/thumb/v7e-m+fp/hard\libc_nano.a(libc_a-mlock.o)
                0x08003db8                __malloc_unlock
 .text.__ssputs_r
                0x08003dc4       0xb6 C:/ST/STM32CubeIDE_1.16.1/STM32CubeIDE/plugins/com.st.stm32cube.ide.mcu.externaltools.gnu-tools-for-stm32.12.3.rel1.win32_1.0.200.202406191623/tools/bin/../lib/gcc/arm-none-eabi/12.3.1/../../../../arm-none-eabi/lib/thumb/v7e-m+fp/hard\libc_nano.a(libc_a-nano-svfprintf.o)
                0x08003dc4                __ssputs_r
 *fill*         0x08003e7a        0x2 
 .text._svfprintf_r
                0x08003e7c      0x1f8 C:/ST/STM32CubeIDE_1.16.1/STM32CubeIDE/plugins/com.st.stm32cube.ide.mcu.externaltools.gnu-tools-for-stm32.12.3.rel1.win32_1.0.200.202406191623/tools/bin/../lib/gcc/arm-none-eabi/12.3.1/../../../../arm-none-eabi/lib/thumb/v7e-m+fp/hard\libc_nano.a(libc_a-nano-svfprintf.o)
                0x08003e7c                _svfiprintf_r
                0x08003e7c                _svfprintf_r
 .text._printf_common
                0x08004074       0xda C:/ST/STM32CubeIDE_1.16.1/STM32CubeIDE/plugins/com.st.stm32cube.ide.mcu.externaltools.gnu-tools-for-stm32.12.3.rel1.win32_1.0.200.202406191623/tools/bin/../lib/gcc/arm-none-eabi/12.3.1/../../../../arm-none-eabi/lib/thumb/v7e-m+fp/hard\libc_nano.a(libc_a-nano-vfprintf_i.o)
                0x08004074                _printf_common
 *fill*         0x0800414e        0x2 
 .text._printf_i
                0x08004150      0x240 C:/ST/STM32CubeIDE_1.16.1/STM32CubeIDE/plugins/com.st.stm32cube.ide.mcu.externaltools.gnu-tools-for-stm32.12.3.rel1.win32_1.0.200.202406191623/tools/bin/../lib/gcc/arm-none-eabi/12.3.1/../../../../arm-none-eabi/lib/thumb/v7e-m+fp/hard\libc_nano.a(libc_a-nano-vfprintf_i.o)
                0x08004150                _printf_i
 .text.memmove  0x08004390       0x34 C:/ST/STM32CubeIDE_1.16.1/STM32CubeIDE/plugins/com.st.stm32cube.ide.mcu.externaltools.gnu-tools-for-stm32.12.3.rel1.win32_1.0.200.202406191623/tools/bin/../lib/gcc/arm-none-eabi/12.3.1/../../../../arm-none-eabi/lib/thumb/v7e-m+fp/hard\libc_nano.a(libc_a-memmove.o)
                0x08004390                memmove
 .text._sbrk_r  0x080043c4       0x20 C:/ST/STM32CubeIDE_1.16.1/STM32CubeIDE/plugins/com.st.stm32cube.ide.mcu.externaltools.gnu-tools-for-stm32.12.3.rel1.win32_1.0.200.202406191623/tools/bin/../lib/gcc/arm-none-eabi/12.3.1/../../../../arm-none-eabi/lib/thumb/v7e-m+fp/hard\libc_nano.a(libc_a-sbrkr.o)
                0x080043c4                _sbrk_r
 .text.memcpy   0x080043e4       0x1c C:/ST/STM32CubeIDE_1.16.1/STM32CubeIDE/plugins/com.st.stm32cube.ide.mcu.externaltools.gnu-tools-for-stm32.12.3.rel1.win32_1.0.200.202406191623/tools/bin/../lib/gcc/arm-none-eabi/12.3.1/../../../../arm-none-eabi/lib/thumb/v7e-m+fp/hard\libc_nano.a(libc_a-memcpy-stub.o)
                0x080043e4                memcpy
 .text._realloc_r
                0x08004400       0x5c C:/ST/STM32CubeIDE_1.16.1/STM32CubeIDE/plugins/com.st.stm32cube.ide.mcu.externaltools.gnu-tools-for-stm32.12.3.rel1.win32_1.0.200.202406191623/tools/bin/../lib/gcc/arm-none-eabi/12.3.1/../../../../arm-none-eabi/lib/thumb/v7e-m+fp/hard\libc_nano.a(libc_a-reallocr.o)
                0x08004400                _realloc_r
 .text._malloc_usable_size_r
                0x0800445c       0x10 C:/ST/STM32CubeIDE_1.16.1/STM32CubeIDE/plugins/com.st.stm32cube.ide.mcu.externaltools.gnu-tools-for-stm32.12.3.rel1.win32_1.0.200.202406191623/tools/bin/../lib/gcc/arm-none-eabi/12.3.1/../../../../arm-none-eabi/lib/thumb/v7e-m+fp/hard\libc_nano.a(libc_a-msizer.o)
                0x0800445c                _malloc_usable_size_r
 .text.sqrtf    0x0800446c       0x3c C:/ST/STM32CubeIDE_1.16.1/STM32CubeIDE/plugins/com.st.stm32cube.ide.mcu.externaltools.gnu-tools-for-stm32.12.3.rel1.win32_1.0.200.202406191623/tools/bin/../lib/gcc/arm-none-eabi/12.3.1/../../../../arm-none-eabi/lib/thumb/v7e-m+fp/hard\libm.a(libm_a-wf_sqrt.o)
                0x0800446c                sqrtf
 .text.__ieee754_sqrtf
                0x080044a8        0x6 C:/ST/STM32CubeIDE_1.16.1/STM32CubeIDE/plugins/com.st.stm32cube.ide.mcu.externaltools.gnu-tools-for-stm32.12.3.rel1.win32_1.0.200.202406191623/tools/bin/../lib/gcc/arm-none-eabi/12.3.1/../../../../arm-none-eabi/lib/thumb/v7e-m+fp/hard\libm.a(libm_a-ef_sqrt.o)
                0x080044a8                __ieee754_sqrtf
 *(.glue_7)
 .glue_7        0x080044ae        0x0 linker stubs
 *(.glue_7t)
 .glue_7t       0x080044ae        0x0 linker stubs
 *(.eh_frame)
 *fill*         0x080044ae        0x2 
 .eh_frame      0x080044b0        0x0 C:/ST/STM32CubeIDE_1.16.1/STM32CubeIDE/plugins/com.st.stm32cube.ide.mcu.externaltools.gnu-tools-for-stm32.12.3.rel1.win32_1.0.200.202406191623/tools/bin/../lib/gcc/arm-none-eabi/12.3.1/thumb/v7e-m+fp/hard/crtbegin.o
 *(.init)
 .init          0x080044b0        0x4 C:/ST/STM32CubeIDE_1.16.1/STM32CubeIDE/plugins/com.st.stm32cube.ide.mcu.externaltools.gnu-tools-for-stm32.12.3.rel1.win32_1.0.200.202406191623/tools/bin/../lib/gcc/arm-none-eabi/12.3.1/thumb/v7e-m+fp/hard/crti.o
                0x080044b0                _init
 .init          0x080044b4        0x8 C:/ST/STM32CubeIDE_1.16.1/STM32CubeIDE/plugins/com.st.stm32cube.ide.mcu.externaltools.gnu-tools-for-stm32.12.3.rel1.win32_1.0.200.202406191623/tools/bin/../lib/gcc/arm-none-eabi/12.3.1/thumb/v7e-m+fp/hard/crtn.o
 *(.fini)
 .fini          0x080044bc        0x4 C:/ST/STM32CubeIDE_1.16.1/STM32CubeIDE/plugins/com.st.stm32cube.ide.mcu.externaltools.gnu-tools-for-stm32.12.3.rel1.win32_1.0.200.202406191623/tools/bin/../lib/gcc/arm-none-eabi/12.3.1/thumb/v7e-m+fp/hard/crti.o
                0x080044bc                _fini
 .fini          0x080044c0        0x8 C:/ST/STM32CubeIDE_1.16.1/STM32CubeIDE/plugins/com.st.stm32cube.ide.mcu.externaltools.gnu-tools-for-stm32.12.3.rel1.win32_1.0.200.202406191623/tools/bin/../lib/gcc/arm-none-eabi/12.3.1/thumb/v7e-m+fp/hard/crtn.o
                0x080044c8                        . = ALIGN (0x4)
                0x080044c8                        _etext = .

.vfp11_veneer   0x080044c8        0x0
 .vfp11_veneer  0x080044c8        0x0 linker stubs

.v4_bx          0x080044c8        0x0
 .v4_bx         0x080044c8        0x0 linker stubs

.iplt           0x080044c8        0x0
 .iplt          0x080044c8        0x0 C:/ST/STM32CubeIDE_1.16.1/STM32CubeIDE/plugins/com.st.stm32cube.ide.mcu.externaltools.gnu-tools-for-stm32.12.3.rel1.win32_1.0.200.202406191623/tools/bin/../lib/gcc/arm-none-eabi/12.3.1/thumb/v7e-m+fp/hard/crtbegin.o

.rodata         0x080044c8    0x13558
                0x080044c8                        . = ALIGN (0x4)
 *(.rodata)
 .rodata        0x080044c8       0x89 ./Core/Src/main.o
 *(.rodata*)
 *fill*         0x08004551        0x3 
 .rodata.AHBPrescTable
                0x08004554       0x10 ./Core/Src/system_stm32l4xx.o
                0x08004554                AHBPrescTable
 .rodata.MSIRangeTable
                0x08004564       0x30 ./Core/Src/system_stm32l4xx.o
                0x08004564                MSIRangeTable
 .rodata.twiddleCoef_2048
                0x08004594     0x4000 C:\Users\firaz\STM32CubeIDE\workspace_1.16.1\P2 - Digital Multimeter\Lib\libarm_cortexM7lfsp_math.a(arm_common_tables.o)
                0x08004594                twiddleCoef_2048
 .rodata.twiddleCoef_rfft_64
                0x08008594      0x100 C:\Users\firaz\STM32CubeIDE\workspace_1.16.1\P2 - Digital Multimeter\Lib\libarm_cortexM7lfsp_math.a(arm_common_tables.o)
                0x08008594                twiddleCoef_rfft_64
 .rodata.armBitRevIndexTable64
                0x08008694       0x70 C:\Users\firaz\STM32CubeIDE\workspace_1.16.1\P2 - Digital Multimeter\Lib\libarm_cortexM7lfsp_math.a(arm_common_tables.o)
                0x08008694                armBitRevIndexTable64
 .rodata.twiddleCoef_rfft_2048
                0x08008704     0x2000 C:\Users\firaz\STM32CubeIDE\workspace_1.16.1\P2 - Digital Multimeter\Lib\libarm_cortexM7lfsp_math.a(arm_common_tables.o)
                0x08008704                twiddleCoef_rfft_2048
 .rodata.twiddleCoef_rfft_4096
                0x0800a704     0x4000 C:\Users\firaz\STM32CubeIDE\workspace_1.16.1\P2 - Digital Multimeter\Lib\libarm_cortexM7lfsp_math.a(arm_common_tables.o)
                0x0800a704                twiddleCoef_rfft_4096
 .rodata.twiddleCoef_256
                0x0800e704      0x800 C:\Users\firaz\STM32CubeIDE\workspace_1.16.1\P2 - Digital Multimeter\Lib\libarm_cortexM7lfsp_math.a(arm_common_tables.o)
                0x0800e704                twiddleCoef_256
 .rodata.twiddleCoef_16
                0x0800ef04       0x80 C:\Users\firaz\STM32CubeIDE\workspace_1.16.1\P2 - Digital Multimeter\Lib\libarm_cortexM7lfsp_math.a(arm_common_tables.o)
                0x0800ef04                twiddleCoef_16
 .rodata.twiddleCoef_1024
                0x0800ef84     0x2000 C:\Users\firaz\STM32CubeIDE\workspace_1.16.1\P2 - Digital Multimeter\Lib\libarm_cortexM7lfsp_math.a(arm_common_tables.o)
                0x0800ef84                twiddleCoef_1024
 .rodata.twiddleCoef_32
                0x08010f84      0x100 C:\Users\firaz\STM32CubeIDE\workspace_1.16.1\P2 - Digital Multimeter\Lib\libarm_cortexM7lfsp_math.a(arm_common_tables.o)
                0x08010f84                twiddleCoef_32
 .rodata.armBitRevIndexTable1024
                0x08011084      0xe10 C:\Users\firaz\STM32CubeIDE\workspace_1.16.1\P2 - Digital Multimeter\Lib\libarm_cortexM7lfsp_math.a(arm_common_tables.o)
                0x08011084                armBitRevIndexTable1024
 .rodata.armBitRevIndexTable16
                0x08011e94       0x28 C:\Users\firaz\STM32CubeIDE\workspace_1.16.1\P2 - Digital Multimeter\Lib\libarm_cortexM7lfsp_math.a(arm_common_tables.o)
                0x08011e94                armBitRevIndexTable16
 .rodata.twiddleCoef_rfft_32
                0x08011ebc       0x80 C:\Users\firaz\STM32CubeIDE\workspace_1.16.1\P2 - Digital Multimeter\Lib\libarm_cortexM7lfsp_math.a(arm_common_tables.o)
                0x08011ebc                twiddleCoef_rfft_32
 .rodata.armBitRevIndexTable32
                0x08011f3c       0x60 C:\Users\firaz\STM32CubeIDE\workspace_1.16.1\P2 - Digital Multimeter\Lib\libarm_cortexM7lfsp_math.a(arm_common_tables.o)
                0x08011f3c                armBitRevIndexTable32
 .rodata.twiddleCoef_128
                0x08011f9c      0x400 C:\Users\firaz\STM32CubeIDE\workspace_1.16.1\P2 - Digital Multimeter\Lib\libarm_cortexM7lfsp_math.a(arm_common_tables.o)
                0x08011f9c                twiddleCoef_128
 .rodata.twiddleCoef_512
                0x0801239c     0x1000 C:\Users\firaz\STM32CubeIDE\workspace_1.16.1\P2 - Digital Multimeter\Lib\libarm_cortexM7lfsp_math.a(arm_common_tables.o)
                0x0801239c                twiddleCoef_512
 .rodata.armBitRevIndexTable2048
                0x0801339c     0x1dc0 C:\Users\firaz\STM32CubeIDE\workspace_1.16.1\P2 - Digital Multimeter\Lib\libarm_cortexM7lfsp_math.a(arm_common_tables.o)
                0x0801339c                armBitRevIndexTable2048
 .rodata.twiddleCoef_64
                0x0801515c      0x200 C:\Users\firaz\STM32CubeIDE\workspace_1.16.1\P2 - Digital Multimeter\Lib\libarm_cortexM7lfsp_math.a(arm_common_tables.o)
                0x0801515c                twiddleCoef_64
 .rodata.twiddleCoef_rfft_512
                0x0801535c      0x800 C:\Users\firaz\STM32CubeIDE\workspace_1.16.1\P2 - Digital Multimeter\Lib\libarm_cortexM7lfsp_math.a(arm_common_tables.o)
                0x0801535c                twiddleCoef_rfft_512
 .rodata.armBitRevIndexTable512
                0x08015b5c      0x380 C:\Users\firaz\STM32CubeIDE\workspace_1.16.1\P2 - Digital Multimeter\Lib\libarm_cortexM7lfsp_math.a(arm_common_tables.o)
                0x08015b5c                armBitRevIndexTable512
 .rodata.twiddleCoef_rfft_1024
                0x08015edc     0x1000 C:\Users\firaz\STM32CubeIDE\workspace_1.16.1\P2 - Digital Multimeter\Lib\libarm_cortexM7lfsp_math.a(arm_common_tables.o)
                0x08015edc                twiddleCoef_rfft_1024
 .rodata.twiddleCoef_rfft_256
                0x08016edc      0x400 C:\Users\firaz\STM32CubeIDE\workspace_1.16.1\P2 - Digital Multimeter\Lib\libarm_cortexM7lfsp_math.a(arm_common_tables.o)
                0x08016edc                twiddleCoef_rfft_256
 .rodata.armBitRevIndexTable256
                0x080172dc      0x370 C:\Users\firaz\STM32CubeIDE\workspace_1.16.1\P2 - Digital Multimeter\Lib\libarm_cortexM7lfsp_math.a(arm_common_tables.o)
                0x080172dc                armBitRevIndexTable256
 .rodata.twiddleCoef_rfft_128
                0x0801764c      0x200 C:\Users\firaz\STM32CubeIDE\workspace_1.16.1\P2 - Digital Multimeter\Lib\libarm_cortexM7lfsp_math.a(arm_common_tables.o)
                0x0801764c                twiddleCoef_rfft_128
 .rodata.armBitRevIndexTable128
                0x0801784c      0x1a0 C:\Users\firaz\STM32CubeIDE\workspace_1.16.1\P2 - Digital Multimeter\Lib\libarm_cortexM7lfsp_math.a(arm_common_tables.o)
                0x0801784c                armBitRevIndexTable128
 .rodata._svfprintf_r.str1.1
                0x080179ec       0x11 C:/ST/STM32CubeIDE_1.16.1/STM32CubeIDE/plugins/com.st.stm32cube.ide.mcu.externaltools.gnu-tools-for-stm32.12.3.rel1.win32_1.0.200.202406191623/tools/bin/../lib/gcc/arm-none-eabi/12.3.1/../../../../arm-none-eabi/lib/thumb/v7e-m+fp/hard\libc_nano.a(libc_a-nano-svfprintf.o)
 .rodata._printf_i.str1.1
                0x080179fd       0x22 C:/ST/STM32CubeIDE_1.16.1/STM32CubeIDE/plugins/com.st.stm32cube.ide.mcu.externaltools.gnu-tools-for-stm32.12.3.rel1.win32_1.0.200.202406191623/tools/bin/../lib/gcc/arm-none-eabi/12.3.1/../../../../arm-none-eabi/lib/thumb/v7e-m+fp/hard\libc_nano.a(libc_a-nano-vfprintf_i.o)
                0x08017a20                        . = ALIGN (0x4)
 *fill*         0x08017a1f        0x1 

.ARM.extab      0x08017a20        0x0
                0x08017a20                        . = ALIGN (0x4)
 *(.ARM.extab* .gnu.linkonce.armextab.*)
                0x08017a20                        . = ALIGN (0x4)

.ARM            0x08017a20        0x8
                0x08017a20                        . = ALIGN (0x4)
                0x08017a20                        __exidx_start = .
 *(.ARM.exidx*)
 .ARM.exidx     0x08017a20        0x8 C:/ST/STM32CubeIDE_1.16.1/STM32CubeIDE/plugins/com.st.stm32cube.ide.mcu.externaltools.gnu-tools-for-stm32.12.3.rel1.win32_1.0.200.202406191623/tools/bin/../lib/gcc/arm-none-eabi/12.3.1/../../../../arm-none-eabi/lib/thumb/v7e-m+fp/hard\libc_nano.a(libc_a-memchr.o)
                0x08017a28                        __exidx_end = .
                0x08017a28                        . = ALIGN (0x4)

.preinit_array  0x08017a28        0x0
                0x08017a28                        . = ALIGN (0x4)
                0x08017a28                        PROVIDE (__preinit_array_start = .)
 *(.preinit_array*)
                0x08017a28                        PROVIDE (__preinit_array_end = .)
                0x08017a28                        . = ALIGN (0x4)

.init_array     0x08017a28        0x4
                0x08017a28                        . = ALIGN (0x4)
                0x08017a28                        PROVIDE (__init_array_start = .)
 *(SORT_BY_NAME(.init_array.*))
 *(.init_array*)
 .init_array    0x08017a28        0x4 C:/ST/STM32CubeIDE_1.16.1/STM32CubeIDE/plugins/com.st.stm32cube.ide.mcu.externaltools.gnu-tools-for-stm32.12.3.rel1.win32_1.0.200.202406191623/tools/bin/../lib/gcc/arm-none-eabi/12.3.1/thumb/v7e-m+fp/hard/crtbegin.o
                0x08017a2c                        PROVIDE (__init_array_end = .)
                0x08017a2c                        . = ALIGN (0x4)

.fini_array     0x08017a2c        0x4
                0x08017a2c                        . = ALIGN (0x4)
                [!provide]                        PROVIDE (__fini_array_start = .)
 *(SORT_BY_NAME(.fini_array.*))
 *(.fini_array*)
 .fini_array    0x08017a2c        0x4 C:/ST/STM32CubeIDE_1.16.1/STM32CubeIDE/plugins/com.st.stm32cube.ide.mcu.externaltools.gnu-tools-for-stm32.12.3.rel1.win32_1.0.200.202406191623/tools/bin/../lib/gcc/arm-none-eabi/12.3.1/thumb/v7e-m+fp/hard/crtbegin.o
                [!provide]                        PROVIDE (__fini_array_end = .)
                0x08017a30                        . = ALIGN (0x4)
                0x08017a30                        _sidata = LOADADDR (.data)

.rel.dyn        0x08017a30        0x0
 .rel.iplt      0x08017a30        0x0 C:/ST/STM32CubeIDE_1.16.1/STM32CubeIDE/plugins/com.st.stm32cube.ide.mcu.externaltools.gnu-tools-for-stm32.12.3.rel1.win32_1.0.200.202406191623/tools/bin/../lib/gcc/arm-none-eabi/12.3.1/thumb/v7e-m+fp/hard/crtbegin.o

.data           0x20000000       0x5c load address 0x08017a30
                0x20000000                        . = ALIGN (0x4)
                0x20000000                        _sdata = .
 *(.data)
 *(.data*)
 .data.SystemCoreClock
                0x20000000        0x4 ./Core/Src/system_stm32l4xx.o
                0x20000000                SystemCoreClock
 .data.uwTickPrio
                0x20000004        0x4 ./Drivers/STM32L4xx_HAL_Driver/Src/stm32l4xx_hal.o
                0x20000004                uwTickPrio
 .data.uwTickFreq
                0x20000008        0x1 ./Drivers/STM32L4xx_HAL_Driver/Src/stm32l4xx_hal.o
                0x20000008                uwTickFreq
 *fill*         0x20000009        0x3 
 .data._impure_ptr
                0x2000000c        0x4 C:/ST/STM32CubeIDE_1.16.1/STM32CubeIDE/plugins/com.st.stm32cube.ide.mcu.externaltools.gnu-tools-for-stm32.12.3.rel1.win32_1.0.200.202406191623/tools/bin/../lib/gcc/arm-none-eabi/12.3.1/../../../../arm-none-eabi/lib/thumb/v7e-m+fp/hard\libc_nano.a(libc_a-impure.o)
                0x2000000c                _impure_ptr
 .data._impure_data
                0x20000010       0x4c C:/ST/STM32CubeIDE_1.16.1/STM32CubeIDE/plugins/com.st.stm32cube.ide.mcu.externaltools.gnu-tools-for-stm32.12.3.rel1.win32_1.0.200.202406191623/tools/bin/../lib/gcc/arm-none-eabi/12.3.1/../../../../arm-none-eabi/lib/thumb/v7e-m+fp/hard\libc_nano.a(libc_a-impure.o)
                0x20000010                _impure_data
 *(.RamFunc)
 *(.RamFunc*)
                0x2000005c                        . = ALIGN (0x4)
                0x2000005c                        _edata = .

.igot.plt       0x2000005c        0x0 load address 0x08017a8c
 .igot.plt      0x2000005c        0x0 C:/ST/STM32CubeIDE_1.16.1/STM32CubeIDE/plugins/com.st.stm32cube.ide.mcu.externaltools.gnu-tools-for-stm32.12.3.rel1.win32_1.0.200.202406191623/tools/bin/../lib/gcc/arm-none-eabi/12.3.1/thumb/v7e-m+fp/hard/crtbegin.o
                0x2000005c                        . = ALIGN (0x4)

.bss            0x2000005c     0x518c load address 0x08017a8c
                0x2000005c                        _sbss = .
                0x2000005c                        __bss_start__ = _sbss
 *(.bss)
 .bss           0x2000005c       0x1c C:/ST/STM32CubeIDE_1.16.1/STM32CubeIDE/plugins/com.st.stm32cube.ide.mcu.externaltools.gnu-tools-for-stm32.12.3.rel1.win32_1.0.200.202406191623/tools/bin/../lib/gcc/arm-none-eabi/12.3.1/thumb/v7e-m+fp/hard/crtbegin.o
 *(.bss*)
 .bss.ADC_result
                0x20000078        0x2 ./Core/Src/ADC.o
                0x20000078                ADC_result
 .bss.global_flag
                0x2000007a        0x1 ./Core/Src/ADC.o
                0x2000007a                global_flag
 *fill*         0x2000007b        0x1 
 .bss.fftHandler
                0x2000007c       0x18 ./Core/Src/main.o
                0x2000007c                fftHandler
 .bss.fft_in    0x20000094     0x2000 ./Core/Src/main.o
                0x20000094                fft_in
 .bss.fft_out   0x20002094     0x2000 ./Core/Src/main.o
                0x20002094                fft_out
 .bss.freq_mag  0x20004094     0x1000 ./Core/Src/main.o
                0x20004094                freq_mag
 .bss.dc_sampling
                0x20005094        0x1 ./Core/Src/main.o
                0x20005094                dc_sampling
 *fill*         0x20005095        0x3 
 .bss.__sbrk_heap_end
                0x20005098        0x4 ./Core/Src/sysmem.o
 .bss.uwTick    0x2000509c        0x4 ./Drivers/STM32L4xx_HAL_Driver/Src/stm32l4xx_hal.o
                0x2000509c                uwTick
 .bss.__sf      0x200050a0      0x138 C:/ST/STM32CubeIDE_1.16.1/STM32CubeIDE/plugins/com.st.stm32cube.ide.mcu.externaltools.gnu-tools-for-stm32.12.3.rel1.win32_1.0.200.202406191623/tools/bin/../lib/gcc/arm-none-eabi/12.3.1/../../../../arm-none-eabi/lib/thumb/v7e-m+fp/hard\libc_nano.a(libc_a-findfp.o)
                0x200050a0                __sf
 .bss.errno     0x200051d8        0x4 C:/ST/STM32CubeIDE_1.16.1/STM32CubeIDE/plugins/com.st.stm32cube.ide.mcu.externaltools.gnu-tools-for-stm32.12.3.rel1.win32_1.0.200.202406191623/tools/bin/../lib/gcc/arm-none-eabi/12.3.1/../../../../arm-none-eabi/lib/thumb/v7e-m+fp/hard\libc_nano.a(libc_a-reent.o)
                0x200051d8                errno
 .bss.__lock___malloc_recursive_mutex
                0x200051dc        0x1 C:/ST/STM32CubeIDE_1.16.1/STM32CubeIDE/plugins/com.st.stm32cube.ide.mcu.externaltools.gnu-tools-for-stm32.12.3.rel1.win32_1.0.200.202406191623/tools/bin/../lib/gcc/arm-none-eabi/12.3.1/../../../../arm-none-eabi/lib/thumb/v7e-m+fp/hard\libc_nano.a(libc_a-lock.o)
                0x200051dc                __lock___malloc_recursive_mutex
 *fill*         0x200051dd        0x3 
 .bss.__malloc_sbrk_start
                0x200051e0        0x4 C:/ST/STM32CubeIDE_1.16.1/STM32CubeIDE/plugins/com.st.stm32cube.ide.mcu.externaltools.gnu-tools-for-stm32.12.3.rel1.win32_1.0.200.202406191623/tools/bin/../lib/gcc/arm-none-eabi/12.3.1/../../../../arm-none-eabi/lib/thumb/v7e-m+fp/hard\libc_nano.a(libc_a-mallocr.o)
                0x200051e0                __malloc_sbrk_start
 .bss.__malloc_free_list
                0x200051e4        0x4 C:/ST/STM32CubeIDE_1.16.1/STM32CubeIDE/plugins/com.st.stm32cube.ide.mcu.externaltools.gnu-tools-for-stm32.12.3.rel1.win32_1.0.200.202406191623/tools/bin/../lib/gcc/arm-none-eabi/12.3.1/../../../../arm-none-eabi/lib/thumb/v7e-m+fp/hard\libc_nano.a(libc_a-mallocr.o)
                0x200051e4                __malloc_free_list
 *(COMMON)
                0x200051e8                        . = ALIGN (0x4)
                0x200051e8                        _ebss = .
                0x200051e8                        __bss_end__ = _ebss

._user_heap_stack
                0x200051e8      0x600 load address 0x08017a8c
                0x200051e8                        . = ALIGN (0x8)
                [!provide]                        PROVIDE (end = .)
                0x200051e8                        PROVIDE (_end = .)
                0x200053e8                        . = (. + _Min_Heap_Size)
 *fill*         0x200051e8      0x200 
                0x200057e8                        . = (. + _Min_Stack_Size)
 *fill*         0x200053e8      0x400 
                0x200057e8                        . = ALIGN (0x8)

/DISCARD/
 libc.a(*)
 libm.a(*)
 libgcc.a(*)

.ARM.attributes
                0x00000000       0x30
 *(.ARM.attributes)
 .ARM.attributes
                0x00000000       0x22 C:/ST/STM32CubeIDE_1.16.1/STM32CubeIDE/plugins/com.st.stm32cube.ide.mcu.externaltools.gnu-tools-for-stm32.12.3.rel1.win32_1.0.200.202406191623/tools/bin/../lib/gcc/arm-none-eabi/12.3.1/thumb/v7e-m+fp/hard/crti.o
 .ARM.attributes
                0x00000022       0x34 C:/ST/STM32CubeIDE_1.16.1/STM32CubeIDE/plugins/com.st.stm32cube.ide.mcu.externaltools.gnu-tools-for-stm32.12.3.rel1.win32_1.0.200.202406191623/tools/bin/../lib/gcc/arm-none-eabi/12.3.1/thumb/v7e-m+fp/hard/crtbegin.o
 .ARM.attributes
                0x00000056       0x34 ./Core/Src/ADC.o
 .ARM.attributes
                0x0000008a       0x34 ./Core/Src/UART.o
 .ARM.attributes
                0x000000be       0x34 ./Core/Src/main.o
 .ARM.attributes
                0x000000f2       0x34 ./Core/Src/stm32l4xx_hal_msp.o
 .ARM.attributes
                0x00000126       0x34 ./Core/Src/stm32l4xx_it.o
 .ARM.attributes
                0x0000015a       0x34 ./Core/Src/sysmem.o
 .ARM.attributes
                0x0000018e       0x34 ./Core/Src/system_stm32l4xx.o
 .ARM.attributes
                0x000001c2       0x34 ./Core/Src/timer.o
 .ARM.attributes
                0x000001f6       0x21 ./Core/Startup/startup_stm32l476rgtx.o
 .ARM.attributes
                0x00000217       0x34 ./Drivers/STM32L4xx_HAL_Driver/Src/stm32l4xx_hal.o
 .ARM.attributes
                0x0000024b       0x34 ./Drivers/STM32L4xx_HAL_Driver/Src/stm32l4xx_hal_cortex.o
 .ARM.attributes
                0x0000027f       0x34 ./Drivers/STM32L4xx_HAL_Driver/Src/stm32l4xx_hal_pwr_ex.o
 .ARM.attributes
                0x000002b3       0x34 ./Drivers/STM32L4xx_HAL_Driver/Src/stm32l4xx_hal_rcc.o
 .ARM.attributes
                0x000002e7       0x39 C:\Users\firaz\STM32CubeIDE\workspace_1.16.1\P2 - Digital Multimeter\Lib\libarm_cortexM7lfsp_math.a(arm_rfft_fast_init_f32.o)
 .ARM.attributes
                0x00000320       0x39 C:\Users\firaz\STM32CubeIDE\workspace_1.16.1\P2 - Digital Multimeter\Lib\libarm_cortexM7lfsp_math.a(arm_rfft_fast_f32.o)
 .ARM.attributes
                0x00000359       0x39 C:\Users\firaz\STM32CubeIDE\workspace_1.16.1\P2 - Digital Multimeter\Lib\libarm_cortexM7lfsp_math.a(arm_cfft_f32.o)
 .ARM.attributes
                0x00000392       0x39 C:\Users\firaz\STM32CubeIDE\workspace_1.16.1\P2 - Digital Multimeter\Lib\libarm_cortexM7lfsp_math.a(arm_cmplx_mag_f32.o)
 .ARM.attributes
                0x000003cb       0x39 C:\Users\firaz\STM32CubeIDE\workspace_1.16.1\P2 - Digital Multimeter\Lib\libarm_cortexM7lfsp_math.a(arm_common_tables.o)
 .ARM.attributes
                0x00000404       0x25 C:\Users\firaz\STM32CubeIDE\workspace_1.16.1\P2 - Digital Multimeter\Lib\libarm_cortexM7lfsp_math.a(arm_bitreversal2.o)
 .ARM.attributes
                0x00000429       0x39 C:\Users\firaz\STM32CubeIDE\workspace_1.16.1\P2 - Digital Multimeter\Lib\libarm_cortexM7lfsp_math.a(arm_cfft_radix8_f32.o)
 .ARM.attributes
                0x00000462       0x34 C:/ST/STM32CubeIDE_1.16.1/STM32CubeIDE/plugins/com.st.stm32cube.ide.mcu.externaltools.gnu-tools-for-stm32.12.3.rel1.win32_1.0.200.202406191623/tools/bin/../lib/gcc/arm-none-eabi/12.3.1/../../../../arm-none-eabi/lib/thumb/v7e-m+fp/hard\libc_nano.a(libc_a-findfp.o)
 .ARM.attributes
                0x00000496       0x34 C:/ST/STM32CubeIDE_1.16.1/STM32CubeIDE/plugins/com.st.stm32cube.ide.mcu.externaltools.gnu-tools-for-stm32.12.3.rel1.win32_1.0.200.202406191623/tools/bin/../lib/gcc/arm-none-eabi/12.3.1/../../../../arm-none-eabi/lib/thumb/v7e-m+fp/hard\libc_nano.a(libc_a-sprintf.o)
 .ARM.attributes
                0x000004ca       0x34 C:/ST/STM32CubeIDE_1.16.1/STM32CubeIDE/plugins/com.st.stm32cube.ide.mcu.externaltools.gnu-tools-for-stm32.12.3.rel1.win32_1.0.200.202406191623/tools/bin/../lib/gcc/arm-none-eabi/12.3.1/../../../../arm-none-eabi/lib/thumb/v7e-m+fp/hard\libc_nano.a(libc_a-memset.o)
 .ARM.attributes
                0x000004fe       0x34 C:/ST/STM32CubeIDE_1.16.1/STM32CubeIDE/plugins/com.st.stm32cube.ide.mcu.externaltools.gnu-tools-for-stm32.12.3.rel1.win32_1.0.200.202406191623/tools/bin/../lib/gcc/arm-none-eabi/12.3.1/../../../../arm-none-eabi/lib/thumb/v7e-m+fp/hard\libc_nano.a(libc_a-reent.o)
 .ARM.attributes
                0x00000532       0x34 C:/ST/STM32CubeIDE_1.16.1/STM32CubeIDE/plugins/com.st.stm32cube.ide.mcu.externaltools.gnu-tools-for-stm32.12.3.rel1.win32_1.0.200.202406191623/tools/bin/../lib/gcc/arm-none-eabi/12.3.1/../../../../arm-none-eabi/lib/thumb/v7e-m+fp/hard\libc_nano.a(libc_a-impure.o)
 .ARM.attributes
                0x00000566       0x34 C:/ST/STM32CubeIDE_1.16.1/STM32CubeIDE/plugins/com.st.stm32cube.ide.mcu.externaltools.gnu-tools-for-stm32.12.3.rel1.win32_1.0.200.202406191623/tools/bin/../lib/gcc/arm-none-eabi/12.3.1/../../../../arm-none-eabi/lib/thumb/v7e-m+fp/hard\libc_nano.a(libc_a-errno.o)
 .ARM.attributes
                0x0000059a       0x34 C:/ST/STM32CubeIDE_1.16.1/STM32CubeIDE/plugins/com.st.stm32cube.ide.mcu.externaltools.gnu-tools-for-stm32.12.3.rel1.win32_1.0.200.202406191623/tools/bin/../lib/gcc/arm-none-eabi/12.3.1/../../../../arm-none-eabi/lib/thumb/v7e-m+fp/hard\libc_nano.a(libc_a-init.o)
 .ARM.attributes
                0x000005ce       0x34 C:/ST/STM32CubeIDE_1.16.1/STM32CubeIDE/plugins/com.st.stm32cube.ide.mcu.externaltools.gnu-tools-for-stm32.12.3.rel1.win32_1.0.200.202406191623/tools/bin/../lib/gcc/arm-none-eabi/12.3.1/../../../../arm-none-eabi/lib/thumb/v7e-m+fp/hard\libc_nano.a(libc_a-lock.o)
 .ARM.attributes
                0x00000602       0x34 C:/ST/STM32CubeIDE_1.16.1/STM32CubeIDE/plugins/com.st.stm32cube.ide.mcu.externaltools.gnu-tools-for-stm32.12.3.rel1.win32_1.0.200.202406191623/tools/bin/../lib/gcc/arm-none-eabi/12.3.1/../../../../arm-none-eabi/lib/thumb/v7e-m+fp/hard\libc_nano.a(libc_a-freer.o)
 .ARM.attributes
                0x00000636       0x34 C:/ST/STM32CubeIDE_1.16.1/STM32CubeIDE/plugins/com.st.stm32cube.ide.mcu.externaltools.gnu-tools-for-stm32.12.3.rel1.win32_1.0.200.202406191623/tools/bin/../lib/gcc/arm-none-eabi/12.3.1/../../../../arm-none-eabi/lib/thumb/v7e-m+fp/hard\libc_nano.a(libc_a-mallocr.o)
 .ARM.attributes
                0x0000066a       0x34 C:/ST/STM32CubeIDE_1.16.1/STM32CubeIDE/plugins/com.st.stm32cube.ide.mcu.externaltools.gnu-tools-for-stm32.12.3.rel1.win32_1.0.200.202406191623/tools/bin/../lib/gcc/arm-none-eabi/12.3.1/../../../../arm-none-eabi/lib/thumb/v7e-m+fp/hard\libc_nano.a(libc_a-mlock.o)
 .ARM.attributes
                0x0000069e       0x34 C:/ST/STM32CubeIDE_1.16.1/STM32CubeIDE/plugins/com.st.stm32cube.ide.mcu.externaltools.gnu-tools-for-stm32.12.3.rel1.win32_1.0.200.202406191623/tools/bin/../lib/gcc/arm-none-eabi/12.3.1/../../../../arm-none-eabi/lib/thumb/v7e-m+fp/hard\libc_nano.a(libc_a-nano-svfprintf.o)
 .ARM.attributes
                0x000006d2       0x34 C:/ST/STM32CubeIDE_1.16.1/STM32CubeIDE/plugins/com.st.stm32cube.ide.mcu.externaltools.gnu-tools-for-stm32.12.3.rel1.win32_1.0.200.202406191623/tools/bin/../lib/gcc/arm-none-eabi/12.3.1/../../../../arm-none-eabi/lib/thumb/v7e-m+fp/hard\libc_nano.a(libc_a-nano-vfprintf_i.o)
 .ARM.attributes
                0x00000706       0x34 C:/ST/STM32CubeIDE_1.16.1/STM32CubeIDE/plugins/com.st.stm32cube.ide.mcu.externaltools.gnu-tools-for-stm32.12.3.rel1.win32_1.0.200.202406191623/tools/bin/../lib/gcc/arm-none-eabi/12.3.1/../../../../arm-none-eabi/lib/thumb/v7e-m+fp/hard\libc_nano.a(libc_a-memmove.o)
 .ARM.attributes
                0x0000073a       0x34 C:/ST/STM32CubeIDE_1.16.1/STM32CubeIDE/plugins/com.st.stm32cube.ide.mcu.externaltools.gnu-tools-for-stm32.12.3.rel1.win32_1.0.200.202406191623/tools/bin/../lib/gcc/arm-none-eabi/12.3.1/../../../../arm-none-eabi/lib/thumb/v7e-m+fp/hard\libc_nano.a(libc_a-sbrkr.o)
 .ARM.attributes
                0x0000076e       0x1c C:/ST/STM32CubeIDE_1.16.1/STM32CubeIDE/plugins/com.st.stm32cube.ide.mcu.externaltools.gnu-tools-for-stm32.12.3.rel1.win32_1.0.200.202406191623/tools/bin/../lib/gcc/arm-none-eabi/12.3.1/../../../../arm-none-eabi/lib/thumb/v7e-m+fp/hard\libc_nano.a(libc_a-memchr.o)
 .ARM.attributes
                0x0000078a       0x34 C:/ST/STM32CubeIDE_1.16.1/STM32CubeIDE/plugins/com.st.stm32cube.ide.mcu.externaltools.gnu-tools-for-stm32.12.3.rel1.win32_1.0.200.202406191623/tools/bin/../lib/gcc/arm-none-eabi/12.3.1/../../../../arm-none-eabi/lib/thumb/v7e-m+fp/hard\libc_nano.a(libc_a-memcpy-stub.o)
 .ARM.attributes
                0x000007be       0x34 C:/ST/STM32CubeIDE_1.16.1/STM32CubeIDE/plugins/com.st.stm32cube.ide.mcu.externaltools.gnu-tools-for-stm32.12.3.rel1.win32_1.0.200.202406191623/tools/bin/../lib/gcc/arm-none-eabi/12.3.1/../../../../arm-none-eabi/lib/thumb/v7e-m+fp/hard\libc_nano.a(libc_a-reallocr.o)
 .ARM.attributes
                0x000007f2       0x34 C:/ST/STM32CubeIDE_1.16.1/STM32CubeIDE/plugins/com.st.stm32cube.ide.mcu.externaltools.gnu-tools-for-stm32.12.3.rel1.win32_1.0.200.202406191623/tools/bin/../lib/gcc/arm-none-eabi/12.3.1/../../../../arm-none-eabi/lib/thumb/v7e-m+fp/hard\libc_nano.a(libc_a-msizer.o)
 .ARM.attributes
                0x00000826       0x34 C:/ST/STM32CubeIDE_1.16.1/STM32CubeIDE/plugins/com.st.stm32cube.ide.mcu.externaltools.gnu-tools-for-stm32.12.3.rel1.win32_1.0.200.202406191623/tools/bin/../lib/gcc/arm-none-eabi/12.3.1/../../../../arm-none-eabi/lib/thumb/v7e-m+fp/hard\libm.a(libm_a-wf_sqrt.o)
 .ARM.attributes
                0x0000085a       0x34 C:/ST/STM32CubeIDE_1.16.1/STM32CubeIDE/plugins/com.st.stm32cube.ide.mcu.externaltools.gnu-tools-for-stm32.12.3.rel1.win32_1.0.200.202406191623/tools/bin/../lib/gcc/arm-none-eabi/12.3.1/../../../../arm-none-eabi/lib/thumb/v7e-m+fp/hard\libm.a(libm_a-ef_sqrt.o)
 .ARM.attributes
                0x0000088e       0x22 C:/ST/STM32CubeIDE_1.16.1/STM32CubeIDE/plugins/com.st.stm32cube.ide.mcu.externaltools.gnu-tools-for-stm32.12.3.rel1.win32_1.0.200.202406191623/tools/bin/../lib/gcc/arm-none-eabi/12.3.1/thumb/v7e-m+fp/hard\libgcc.a(_arm_addsubdf3.o)
 .ARM.attributes
                0x000008b0       0x22 C:/ST/STM32CubeIDE_1.16.1/STM32CubeIDE/plugins/com.st.stm32cube.ide.mcu.externaltools.gnu-tools-for-stm32.12.3.rel1.win32_1.0.200.202406191623/tools/bin/../lib/gcc/arm-none-eabi/12.3.1/thumb/v7e-m+fp/hard\libgcc.a(_arm_muldivdf3.o)
 .ARM.attributes
                0x000008d2       0x22 C:/ST/STM32CubeIDE_1.16.1/STM32CubeIDE/plugins/com.st.stm32cube.ide.mcu.externaltools.gnu-tools-for-stm32.12.3.rel1.win32_1.0.200.202406191623/tools/bin/../lib/gcc/arm-none-eabi/12.3.1/thumb/v7e-m+fp/hard\libgcc.a(_arm_fixunsdfsi.o)
 .ARM.attributes
                0x000008f4       0x22 C:/ST/STM32CubeIDE_1.16.1/STM32CubeIDE/plugins/com.st.stm32cube.ide.mcu.externaltools.gnu-tools-for-stm32.12.3.rel1.win32_1.0.200.202406191623/tools/bin/../lib/gcc/arm-none-eabi/12.3.1/thumb/v7e-m+fp/hard/crtn.o
OUTPUT(P2 - Digital Multimeter.elf elf32-littlearm)
LOAD linker stubs
LOAD C:/ST/STM32CubeIDE_1.16.1/STM32CubeIDE/plugins/com.st.stm32cube.ide.mcu.externaltools.gnu-tools-for-stm32.12.3.rel1.win32_1.0.200.202406191623/tools/bin/../lib/gcc/arm-none-eabi/12.3.1/../../../../arm-none-eabi/lib/thumb/v7e-m+fp/hard\libc.a
LOAD C:/ST/STM32CubeIDE_1.16.1/STM32CubeIDE/plugins/com.st.stm32cube.ide.mcu.externaltools.gnu-tools-for-stm32.12.3.rel1.win32_1.0.200.202406191623/tools/bin/../lib/gcc/arm-none-eabi/12.3.1/../../../../arm-none-eabi/lib/thumb/v7e-m+fp/hard\libm.a
LOAD C:/ST/STM32CubeIDE_1.16.1/STM32CubeIDE/plugins/com.st.stm32cube.ide.mcu.externaltools.gnu-tools-for-stm32.12.3.rel1.win32_1.0.200.202406191623/tools/bin/../lib/gcc/arm-none-eabi/12.3.1/thumb/v7e-m+fp/hard\libgcc.a

.debug_info     0x00000000     0x80af
 .debug_info    0x00000000      0xb0e ./Core/Src/ADC.o
 .debug_info    0x00000b0e      0x478 ./Core/Src/UART.o
 .debug_info    0x00000f86      0xc6f ./Core/Src/main.o
 .debug_info    0x00001bf5      0x2b9 ./Core/Src/stm32l4xx_hal_msp.o
 .debug_info    0x00001eae      0x113 ./Core/Src/stm32l4xx_it.o
 .debug_info    0x00001fc1      0x168 ./Core/Src/sysmem.o
 .debug_info    0x00002129      0x5b1 ./Core/Src/system_stm32l4xx.o
 .debug_info    0x000026da      0x809 ./Core/Src/timer.o
 .debug_info    0x00002ee3       0x30 ./Core/Startup/startup_stm32l476rgtx.o
 .debug_info    0x00002f13      0xaeb ./Drivers/STM32L4xx_HAL_Driver/Src/stm32l4xx_hal.o
 .debug_info    0x000039fe      0xd81 ./Drivers/STM32L4xx_HAL_Driver/Src/stm32l4xx_hal_cortex.o
 .debug_info    0x0000477f      0x99e ./Drivers/STM32L4xx_HAL_Driver/Src/stm32l4xx_hal_pwr_ex.o
 .debug_info    0x0000511d      0xc14 ./Drivers/STM32L4xx_HAL_Driver/Src/stm32l4xx_hal_rcc.o
 .debug_info    0x00005d31      0x4c3 C:\Users\firaz\STM32CubeIDE\workspace_1.16.1\P2 - Digital Multimeter\Lib\libarm_cortexM7lfsp_math.a(arm_rfft_fast_init_f32.o)
 .debug_info    0x000061f4      0x72e C:\Users\firaz\STM32CubeIDE\workspace_1.16.1\P2 - Digital Multimeter\Lib\libarm_cortexM7lfsp_math.a(arm_rfft_fast_f32.o)
 .debug_info    0x00006922      0x6b9 C:\Users\firaz\STM32CubeIDE\workspace_1.16.1\P2 - Digital Multimeter\Lib\libarm_cortexM7lfsp_math.a(arm_cfft_f32.o)
 .debug_info    0x00006fdb      0x299 C:\Users\firaz\STM32CubeIDE\workspace_1.16.1\P2 - Digital Multimeter\Lib\libarm_cortexM7lfsp_math.a(arm_cmplx_mag_f32.o)
 .debug_info    0x00007274      0x99d C:\Users\firaz\STM32CubeIDE\workspace_1.16.1\P2 - Digital Multimeter\Lib\libarm_cortexM7lfsp_math.a(arm_common_tables.o)
 .debug_info    0x00007c11       0x85 C:\Users\firaz\STM32CubeIDE\workspace_1.16.1\P2 - Digital Multimeter\Lib\libarm_cortexM7lfsp_math.a(arm_bitreversal2.o)
 .debug_info    0x00007c96      0x419 C:\Users\firaz\STM32CubeIDE\workspace_1.16.1\P2 - Digital Multimeter\Lib\libarm_cortexM7lfsp_math.a(arm_cfft_radix8_f32.o)

.debug_abbrev   0x00000000     0x1b12
 .debug_abbrev  0x00000000      0x220 ./Core/Src/ADC.o
 .debug_abbrev  0x00000220       0xe9 ./Core/Src/UART.o
 .debug_abbrev  0x00000309      0x2f2 ./Core/Src/main.o
 .debug_abbrev  0x000005fb       0xc6 ./Core/Src/stm32l4xx_hal_msp.o
 .debug_abbrev  0x000006c1       0x73 ./Core/Src/stm32l4xx_it.o
 .debug_abbrev  0x00000734       0xbc ./Core/Src/sysmem.o
 .debug_abbrev  0x000007f0      0x11a ./Core/Src/system_stm32l4xx.o
 .debug_abbrev  0x0000090a      0x160 ./Core/Src/timer.o
 .debug_abbrev  0x00000a6a       0x24 ./Core/Startup/startup_stm32l476rgtx.o
 .debug_abbrev  0x00000a8e      0x242 ./Drivers/STM32L4xx_HAL_Driver/Src/stm32l4xx_hal.o
 .debug_abbrev  0x00000cd0      0x31c ./Drivers/STM32L4xx_HAL_Driver/Src/stm32l4xx_hal_cortex.o
 .debug_abbrev  0x00000fec      0x1f9 ./Drivers/STM32L4xx_HAL_Driver/Src/stm32l4xx_hal_pwr_ex.o
 .debug_abbrev  0x000011e5      0x2cb ./Drivers/STM32L4xx_HAL_Driver/Src/stm32l4xx_hal_rcc.o
 .debug_abbrev  0x000014b0       0xfd C:\Users\firaz\STM32CubeIDE\workspace_1.16.1\P2 - Digital Multimeter\Lib\libarm_cortexM7lfsp_math.a(arm_rfft_fast_init_f32.o)
 .debug_abbrev  0x000015ad      0x17f C:\Users\firaz\STM32CubeIDE\workspace_1.16.1\P2 - Digital Multimeter\Lib\libarm_cortexM7lfsp_math.a(arm_rfft_fast_f32.o)
 .debug_abbrev  0x0000172c      0x18b C:\Users\firaz\STM32CubeIDE\workspace_1.16.1\P2 - Digital Multimeter\Lib\libarm_cortexM7lfsp_math.a(arm_cfft_f32.o)
 .debug_abbrev  0x000018b7      0x11b C:\Users\firaz\STM32CubeIDE\workspace_1.16.1\P2 - Digital Multimeter\Lib\libarm_cortexM7lfsp_math.a(arm_cmplx_mag_f32.o)
 .debug_abbrev  0x000019d2       0x84 C:\Users\firaz\STM32CubeIDE\workspace_1.16.1\P2 - Digital Multimeter\Lib\libarm_cortexM7lfsp_math.a(arm_common_tables.o)
 .debug_abbrev  0x00001a56       0x14 C:\Users\firaz\STM32CubeIDE\workspace_1.16.1\P2 - Digital Multimeter\Lib\libarm_cortexM7lfsp_math.a(arm_bitreversal2.o)
 .debug_abbrev  0x00001a6a       0xa8 C:\Users\firaz\STM32CubeIDE\workspace_1.16.1\P2 - Digital Multimeter\Lib\libarm_cortexM7lfsp_math.a(arm_cfft_radix8_f32.o)

.debug_aranges  0x00000000      0x720
 .debug_aranges
                0x00000000       0x50 ./Core/Src/ADC.o
 .debug_aranges
                0x00000050       0x28 ./Core/Src/UART.o
 .debug_aranges
                0x00000078       0x50 ./Core/Src/main.o
 .debug_aranges
                0x000000c8       0x20 ./Core/Src/stm32l4xx_hal_msp.o
 .debug_aranges
                0x000000e8       0x60 ./Core/Src/stm32l4xx_it.o
 .debug_aranges
                0x00000148       0x20 ./Core/Src/sysmem.o
 .debug_aranges
                0x00000168       0x28 ./Core/Src/system_stm32l4xx.o
 .debug_aranges
                0x00000190       0x28 ./Core/Src/timer.o
 .debug_aranges
                0x000001b8       0x28 ./Core/Startup/startup_stm32l476rgtx.o
 .debug_aranges
                0x000001e0      0x130 ./Drivers/STM32L4xx_HAL_Driver/Src/stm32l4xx_hal.o
 .debug_aranges
                0x00000310      0x128 ./Drivers/STM32L4xx_HAL_Driver/Src/stm32l4xx_hal_cortex.o
 .debug_aranges
                0x00000438      0x160 ./Drivers/STM32L4xx_HAL_Driver/Src/stm32l4xx_hal_pwr_ex.o
 .debug_aranges
                0x00000598       0x90 ./Drivers/STM32L4xx_HAL_Driver/Src/stm32l4xx_hal_rcc.o
 .debug_aranges
                0x00000628       0x20 C:\Users\firaz\STM32CubeIDE\workspace_1.16.1\P2 - Digital Multimeter\Lib\libarm_cortexM7lfsp_math.a(arm_rfft_fast_init_f32.o)
 .debug_aranges
                0x00000648       0x30 C:\Users\firaz\STM32CubeIDE\workspace_1.16.1\P2 - Digital Multimeter\Lib\libarm_cortexM7lfsp_math.a(arm_rfft_fast_f32.o)
 .debug_aranges
                0x00000678       0x30 C:\Users\firaz\STM32CubeIDE\workspace_1.16.1\P2 - Digital Multimeter\Lib\libarm_cortexM7lfsp_math.a(arm_cfft_f32.o)
 .debug_aranges
                0x000006a8       0x20 C:\Users\firaz\STM32CubeIDE\workspace_1.16.1\P2 - Digital Multimeter\Lib\libarm_cortexM7lfsp_math.a(arm_cmplx_mag_f32.o)
 .debug_aranges
                0x000006c8       0x18 C:\Users\firaz\STM32CubeIDE\workspace_1.16.1\P2 - Digital Multimeter\Lib\libarm_cortexM7lfsp_math.a(arm_common_tables.o)
 .debug_aranges
                0x000006e0       0x20 C:\Users\firaz\STM32CubeIDE\workspace_1.16.1\P2 - Digital Multimeter\Lib\libarm_cortexM7lfsp_math.a(arm_bitreversal2.o)
 .debug_aranges
                0x00000700       0x20 C:\Users\firaz\STM32CubeIDE\workspace_1.16.1\P2 - Digital Multimeter\Lib\libarm_cortexM7lfsp_math.a(arm_cfft_radix8_f32.o)

.debug_rnglists
                0x00000000      0x476
 .debug_rnglists
                0x00000000       0x3b ./Core/Src/ADC.o
 .debug_rnglists
                0x0000003b       0x1a ./Core/Src/UART.o
 .debug_rnglists
                0x00000055       0x3d ./Core/Src/main.o
 .debug_rnglists
                0x00000092       0x13 ./Core/Src/stm32l4xx_hal_msp.o
 .debug_rnglists
                0x000000a5       0x43 ./Core/Src/stm32l4xx_it.o
 .debug_rnglists
                0x000000e8       0x13 ./Core/Src/sysmem.o
 .debug_rnglists
                0x000000fb       0x1a ./Core/Src/system_stm32l4xx.o
 .debug_rnglists
                0x00000115       0x19 ./Core/Src/timer.o
 .debug_rnglists
                0x0000012e       0x19 ./Core/Startup/startup_stm32l476rgtx.o
 .debug_rnglists
                0x00000147       0xdf ./Drivers/STM32L4xx_HAL_Driver/Src/stm32l4xx_hal.o
 .debug_rnglists
                0x00000226       0xda ./Drivers/STM32L4xx_HAL_Driver/Src/stm32l4xx_hal_cortex.o
 .debug_rnglists
                0x00000300      0x109 ./Drivers/STM32L4xx_HAL_Driver/Src/stm32l4xx_hal_pwr_ex.o
 .debug_rnglists
                0x00000409       0x6d ./Drivers/STM32L4xx_HAL_Driver/Src/stm32l4xx_hal_rcc.o

.debug_macro    0x00000000    0x2597b
 .debug_macro   0x00000000      0x1ab ./Core/Src/ADC.o
 .debug_macro   0x000001ab      0xab4 ./Core/Src/ADC.o
 .debug_macro   0x00000c5f      0x19b ./Core/Src/ADC.o
 .debug_macro   0x00000dfa       0x2e ./Core/Src/ADC.o
 .debug_macro   0x00000e28       0x28 ./Core/Src/ADC.o
 .debug_macro   0x00000e50       0x22 ./Core/Src/ADC.o
 .debug_macro   0x00000e72       0x8e ./Core/Src/ADC.o
 .debug_macro   0x00000f00       0x51 ./Core/Src/ADC.o
 .debug_macro   0x00000f51      0x103 ./Core/Src/ADC.o
 .debug_macro   0x00001054       0x6a ./Core/Src/ADC.o
 .debug_macro   0x000010be      0x1df ./Core/Src/ADC.o
 .debug_macro   0x0000129d       0x1c ./Core/Src/ADC.o
 .debug_macro   0x000012b9       0x22 ./Core/Src/ADC.o
 .debug_macro   0x000012db       0xfb ./Core/Src/ADC.o
 .debug_macro   0x000013d6     0x1011 ./Core/Src/ADC.o
 .debug_macro   0x000023e7      0x11f ./Core/Src/ADC.o
 .debug_macro   0x00002506    0x1a17a ./Core/Src/ADC.o
 .debug_macro   0x0001c680       0x6d ./Core/Src/ADC.o
 .debug_macro   0x0001c6ed     0x38fb ./Core/Src/ADC.o
 .debug_macro   0x0001ffe8      0x189 ./Core/Src/ADC.o
 .debug_macro   0x00020171       0x5c ./Core/Src/ADC.o
 .debug_macro   0x000201cd     0x159e ./Core/Src/ADC.o
 .debug_macro   0x0002176b      0x5a5 ./Core/Src/ADC.o
 .debug_macro   0x00021d10      0x1b9 ./Core/Src/ADC.o
 .debug_macro   0x00021ec9      0x18b ./Core/Src/ADC.o
 .debug_macro   0x00022054      0x26b ./Core/Src/ADC.o
 .debug_macro   0x000222bf      0x23d ./Core/Src/ADC.o
 .debug_macro   0x000224fc      0x241 ./Core/Src/ADC.o
 .debug_macro   0x0002273d      0x37c ./Core/Src/ADC.o
 .debug_macro   0x00022ab9       0xd6 ./Core/Src/ADC.o
 .debug_macro   0x00022b8f      0x122 ./Core/Src/ADC.o
 .debug_macro   0x00022cb1      0x3ef ./Core/Src/ADC.o
 .debug_macro   0x000230a0      0x330 ./Core/Src/ADC.o
 .debug_macro   0x000233d0       0x52 ./Core/Src/ADC.o
 .debug_macro   0x00023422      0x1ab ./Core/Src/UART.o
 .debug_macro   0x000235cd       0x16 ./Core/Src/UART.o
 .debug_macro   0x000235e3      0x35b ./Core/Src/main.o
 .debug_macro   0x0002393e       0x5b ./Core/Src/main.o
 .debug_macro   0x00023999       0x2a ./Core/Src/main.o
 .debug_macro   0x000239c3       0x94 ./Core/Src/main.o
 .debug_macro   0x00023a57       0x43 ./Core/Src/main.o
 .debug_macro   0x00023a9a       0x34 ./Core/Src/main.o
 .debug_macro   0x00023ace       0x16 ./Core/Src/main.o
 .debug_macro   0x00023ae4       0x57 ./Core/Src/main.o
 .debug_macro   0x00023b3b       0x9e ./Core/Src/main.o
 .debug_macro   0x00023bd9      0x369 ./Core/Src/main.o
 .debug_macro   0x00023f42      0x10b ./Core/Src/main.o
 .debug_macro   0x0002404d       0x10 ./Core/Src/main.o
 .debug_macro   0x0002405d       0x16 ./Core/Src/main.o
 .debug_macro   0x00024073       0x43 ./Core/Src/main.o
 .debug_macro   0x000240b6       0x34 ./Core/Src/main.o
 .debug_macro   0x000240ea       0x10 ./Core/Src/main.o
 .debug_macro   0x000240fa       0x58 ./Core/Src/main.o
 .debug_macro   0x00024152       0x8e ./Core/Src/main.o
 .debug_macro   0x000241e0       0x1c ./Core/Src/main.o
 .debug_macro   0x000241fc      0x177 ./Core/Src/main.o
 .debug_macro   0x00024373       0x16 ./Core/Src/main.o
 .debug_macro   0x00024389       0x16 ./Core/Src/main.o
 .debug_macro   0x0002439f      0x146 ./Core/Src/main.o
 .debug_macro   0x000244e5       0x16 ./Core/Src/main.o
 .debug_macro   0x000244fb       0x35 ./Core/Src/main.o
 .debug_macro   0x00024530       0x16 ./Core/Src/main.o
 .debug_macro   0x00024546       0x29 ./Core/Src/main.o
 .debug_macro   0x0002456f       0x16 ./Core/Src/main.o
 .debug_macro   0x00024585       0x20 ./Core/Src/main.o
 .debug_macro   0x000245a5      0x19b ./Core/Src/main.o
 .debug_macro   0x00024740       0x56 ./Core/Src/main.o
 .debug_macro   0x00024796       0x12 ./Core/Src/main.o
 .debug_macro   0x000247a8       0xdd ./Core/Src/main.o
 .debug_macro   0x00024885       0x16 ./Core/Src/main.o
 .debug_macro   0x0002489b      0x1a2 ./Core/Src/stm32l4xx_hal_msp.o
 .debug_macro   0x00024a3d      0x1ac ./Core/Src/stm32l4xx_it.o
 .debug_macro   0x00024be9       0xff ./Core/Src/sysmem.o
 .debug_macro   0x00024ce8      0x23c ./Core/Src/sysmem.o
 .debug_macro   0x00024f24      0x198 ./Core/Src/system_stm32l4xx.o
 .debug_macro   0x000250bc      0x1ab ./Core/Src/timer.o
 .debug_macro   0x00025267      0x1e6 ./Drivers/STM32L4xx_HAL_Driver/Src/stm32l4xx_hal.o
 .debug_macro   0x0002544d      0x198 ./Drivers/STM32L4xx_HAL_Driver/Src/stm32l4xx_hal_cortex.o
 .debug_macro   0x000255e5      0x1bc ./Drivers/STM32L4xx_HAL_Driver/Src/stm32l4xx_hal_pwr_ex.o
 .debug_macro   0x000257a1      0x1da ./Drivers/STM32L4xx_HAL_Driver/Src/stm32l4xx_hal_rcc.o

.debug_line     0x00000000     0x8b18
 .debug_line    0x00000000      0x939 ./Core/Src/ADC.o
 .debug_line    0x00000939      0x79f ./Core/Src/UART.o
 .debug_line    0x000010d8      0xc22 ./Core/Src/main.o
 .debug_line    0x00001cfa      0x6ec ./Core/Src/stm32l4xx_hal_msp.o
 .debug_line    0x000023e6      0x7ae ./Core/Src/stm32l4xx_it.o
 .debug_line    0x00002b94      0x583 ./Core/Src/sysmem.o
 .debug_line    0x00003117      0x786 ./Core/Src/system_stm32l4xx.o
 .debug_line    0x0000389d      0x753 ./Core/Src/timer.o
 .debug_line    0x00003ff0       0x7a ./Core/Startup/startup_stm32l476rgtx.o
 .debug_line    0x0000406a      0xae1 ./Drivers/STM32L4xx_HAL_Driver/Src/stm32l4xx_hal.o
 .debug_line    0x00004b4b      0xcaa ./Drivers/STM32L4xx_HAL_Driver/Src/stm32l4xx_hal_cortex.o
 .debug_line    0x000057f5      0xcd3 ./Drivers/STM32L4xx_HAL_Driver/Src/stm32l4xx_hal_pwr_ex.o
 .debug_line    0x000064c8      0xf5a ./Drivers/STM32L4xx_HAL_Driver/Src/stm32l4xx_hal_rcc.o
 .debug_line    0x00007422      0x200 C:\Users\firaz\STM32CubeIDE\workspace_1.16.1\P2 - Digital Multimeter\Lib\libarm_cortexM7lfsp_math.a(arm_rfft_fast_init_f32.o)
 .debug_line    0x00007622      0x2cb C:\Users\firaz\STM32CubeIDE\workspace_1.16.1\P2 - Digital Multimeter\Lib\libarm_cortexM7lfsp_math.a(arm_rfft_fast_f32.o)
 .debug_line    0x000078ed      0x791 C:\Users\firaz\STM32CubeIDE\workspace_1.16.1\P2 - Digital Multimeter\Lib\libarm_cortexM7lfsp_math.a(arm_cfft_f32.o)
 .debug_line    0x0000807e      0x205 C:\Users\firaz\STM32CubeIDE\workspace_1.16.1\P2 - Digital Multimeter\Lib\libarm_cortexM7lfsp_math.a(arm_cmplx_mag_f32.o)
 .debug_line    0x00008283      0x12e C:\Users\firaz\STM32CubeIDE\workspace_1.16.1\P2 - Digital Multimeter\Lib\libarm_cortexM7lfsp_math.a(arm_common_tables.o)
 .debug_line    0x000083b1       0x98 C:\Users\firaz\STM32CubeIDE\workspace_1.16.1\P2 - Digital Multimeter\Lib\libarm_cortexM7lfsp_math.a(arm_bitreversal2.o)
 .debug_line    0x00008449      0x6cf C:\Users\firaz\STM32CubeIDE\workspace_1.16.1\P2 - Digital Multimeter\Lib\libarm_cortexM7lfsp_math.a(arm_cfft_radix8_f32.o)

.debug_str      0x00000000    0xe38a8
 .debug_str     0x00000000    0xdca59 ./Core/Src/ADC.o
                              0xdcdfb (size before relaxing)
 .debug_str     0x000dca59       0x7b ./Core/Src/UART.o
                              0xdc74a (size before relaxing)
 .debug_str     0x000dcad4     0x4b5f ./Core/Src/main.o
                              0xe1361 (size before relaxing)
 .debug_str     0x000e1633       0x33 ./Core/Src/stm32l4xx_hal_msp.o
                              0xdc6b7 (size before relaxing)
 .debug_str     0x000e1666       0xc9 ./Core/Src/stm32l4xx_it.o
                              0xdc5f0 (size before relaxing)
 .debug_str     0x000e172f      0x4dc ./Core/Src/sysmem.o
                               0x60dc (size before relaxing)
 .debug_str     0x000e1c0b       0xf2 ./Core/Src/system_stm32l4xx.o
                              0xdc77e (size before relaxing)
 .debug_str     0x000e1cfd       0x21 ./Core/Src/timer.o
                              0xdcc86 (size before relaxing)
 .debug_str     0x000e1d1e       0x44 ./Core/Startup/startup_stm32l476rgtx.o
                                 0x8f (size before relaxing)
 .debug_str     0x000e1d62      0x659 ./Drivers/STM32L4xx_HAL_Driver/Src/stm32l4xx_hal.o
                              0xdd311 (size before relaxing)
 .debug_str     0x000e23bb      0x356 ./Drivers/STM32L4xx_HAL_Driver/Src/stm32l4xx_hal_cortex.o
                              0xdcff7 (size before relaxing)
 .debug_str     0x000e2711      0x52a ./Drivers/STM32L4xx_HAL_Driver/Src/stm32l4xx_hal_pwr_ex.o
                              0xdccd9 (size before relaxing)
 .debug_str     0x000e2c3b      0x3f0 ./Drivers/STM32L4xx_HAL_Driver/Src/stm32l4xx_hal_rcc.o
                              0xdcdc4 (size before relaxing)
 .debug_str     0x000e302b      0x328 C:\Users\firaz\STM32CubeIDE\workspace_1.16.1\P2 - Digital Multimeter\Lib\libarm_cortexM7lfsp_math.a(arm_rfft_fast_init_f32.o)
                                0x517 (size before relaxing)
 .debug_str     0x000e3353       0x6a C:\Users\firaz\STM32CubeIDE\workspace_1.16.1\P2 - Digital Multimeter\Lib\libarm_cortexM7lfsp_math.a(arm_rfft_fast_f32.o)
                                0x2f4 (size before relaxing)
 .debug_str     0x000e33bd      0x109 C:\Users\firaz\STM32CubeIDE\workspace_1.16.1\P2 - Digital Multimeter\Lib\libarm_cortexM7lfsp_math.a(arm_cfft_f32.o)
                                0x35f (size before relaxing)
 .debug_str     0x000e34c6       0x6e C:\Users\firaz\STM32CubeIDE\workspace_1.16.1\P2 - Digital Multimeter\Lib\libarm_cortexM7lfsp_math.a(arm_cmplx_mag_f32.o)
                                0x303 (size before relaxing)
 .debug_str     0x000e3534      0x331 C:\Users\firaz\STM32CubeIDE\workspace_1.16.1\P2 - Digital Multimeter\Lib\libarm_cortexM7lfsp_math.a(arm_common_tables.o)
                                0x704 (size before relaxing)
 .debug_str     0x000e3865       0x43 C:\Users\firaz\STM32CubeIDE\workspace_1.16.1\P2 - Digital Multimeter\Lib\libarm_cortexM7lfsp_math.a(arm_cfft_radix8_f32.o)
                                0x256 (size before relaxing)

.comment        0x00000000       0xb3
 .comment       0x00000000       0x43 ./Core/Src/ADC.o
                                 0x44 (size before relaxing)
 .comment       0x00000043       0x44 ./Core/Src/UART.o
 .comment       0x00000043       0x44 ./Core/Src/main.o
 .comment       0x00000043       0x44 ./Core/Src/stm32l4xx_hal_msp.o
 .comment       0x00000043       0x44 ./Core/Src/stm32l4xx_it.o
 .comment       0x00000043       0x44 ./Core/Src/sysmem.o
 .comment       0x00000043       0x44 ./Core/Src/system_stm32l4xx.o
 .comment       0x00000043       0x44 ./Core/Src/timer.o
 .comment       0x00000043       0x44 ./Drivers/STM32L4xx_HAL_Driver/Src/stm32l4xx_hal.o
 .comment       0x00000043       0x44 ./Drivers/STM32L4xx_HAL_Driver/Src/stm32l4xx_hal_cortex.o
 .comment       0x00000043       0x44 ./Drivers/STM32L4xx_HAL_Driver/Src/stm32l4xx_hal_pwr_ex.o
 .comment       0x00000043       0x44 ./Drivers/STM32L4xx_HAL_Driver/Src/stm32l4xx_hal_rcc.o
 .comment       0x00000043       0x70 C:\Users\firaz\STM32CubeIDE\workspace_1.16.1\P2 - Digital Multimeter\Lib\libarm_cortexM7lfsp_math.a(arm_rfft_fast_init_f32.o)
                                 0x71 (size before relaxing)
 .comment       0x000000b3       0x71 C:\Users\firaz\STM32CubeIDE\workspace_1.16.1\P2 - Digital Multimeter\Lib\libarm_cortexM7lfsp_math.a(arm_rfft_fast_f32.o)
 .comment       0x000000b3       0x71 C:\Users\firaz\STM32CubeIDE\workspace_1.16.1\P2 - Digital Multimeter\Lib\libarm_cortexM7lfsp_math.a(arm_cfft_f32.o)
 .comment       0x000000b3       0x71 C:\Users\firaz\STM32CubeIDE\workspace_1.16.1\P2 - Digital Multimeter\Lib\libarm_cortexM7lfsp_math.a(arm_cmplx_mag_f32.o)
 .comment       0x000000b3       0x71 C:\Users\firaz\STM32CubeIDE\workspace_1.16.1\P2 - Digital Multimeter\Lib\libarm_cortexM7lfsp_math.a(arm_common_tables.o)
 .comment       0x000000b3       0x71 C:\Users\firaz\STM32CubeIDE\workspace_1.16.1\P2 - Digital Multimeter\Lib\libarm_cortexM7lfsp_math.a(arm_cfft_radix8_f32.o)

.debug_frame    0x00000000     0x1f48
 .debug_frame   0x00000000      0x11c ./Core/Src/ADC.o
 .debug_frame   0x0000011c       0x58 ./Core/Src/UART.o
 .debug_frame   0x00000174      0x104 ./Core/Src/main.o
 .debug_frame   0x00000278       0x38 ./Core/Src/stm32l4xx_hal_msp.o
 .debug_frame   0x000002b0      0x104 ./Core/Src/stm32l4xx_it.o
 .debug_frame   0x000003b4       0x34 ./Core/Src/sysmem.o
 .debug_frame   0x000003e8       0x58 ./Core/Src/system_stm32l4xx.o
 .debug_frame   0x00000440       0x54 ./Core/Src/timer.o
 .debug_frame   0x00000494      0x498 ./Drivers/STM32L4xx_HAL_Driver/Src/stm32l4xx_hal.o
 .debug_frame   0x0000092c      0x4e8 ./Drivers/STM32L4xx_HAL_Driver/Src/stm32l4xx_hal_cortex.o
 .debug_frame   0x00000e14      0x584 ./Drivers/STM32L4xx_HAL_Driver/Src/stm32l4xx_hal_pwr_ex.o
 .debug_frame   0x00001398      0x21c ./Drivers/STM32L4xx_HAL_Driver/Src/stm32l4xx_hal_rcc.o
 .debug_frame   0x000015b4       0x6c C:\Users\firaz\STM32CubeIDE\workspace_1.16.1\P2 - Digital Multimeter\Lib\libarm_cortexM7lfsp_math.a(arm_rfft_fast_init_f32.o)
 .debug_frame   0x00001620       0x7c C:\Users\firaz\STM32CubeIDE\workspace_1.16.1\P2 - Digital Multimeter\Lib\libarm_cortexM7lfsp_math.a(arm_rfft_fast_f32.o)
 .debug_frame   0x0000169c       0xe0 C:\Users\firaz\STM32CubeIDE\workspace_1.16.1\P2 - Digital Multimeter\Lib\libarm_cortexM7lfsp_math.a(arm_cfft_f32.o)
 .debug_frame   0x0000177c       0x3c C:\Users\firaz\STM32CubeIDE\workspace_1.16.1\P2 - Digital Multimeter\Lib\libarm_cortexM7lfsp_math.a(arm_cmplx_mag_f32.o)
 .debug_frame   0x000017b8       0x94 C:\Users\firaz\STM32CubeIDE\workspace_1.16.1\P2 - Digital Multimeter\Lib\libarm_cortexM7lfsp_math.a(arm_cfft_radix8_f32.o)
 .debug_frame   0x0000184c      0x144 C:/ST/STM32CubeIDE_1.16.1/STM32CubeIDE/plugins/com.st.stm32cube.ide.mcu.externaltools.gnu-tools-for-stm32.12.3.rel1.win32_1.0.200.202406191623/tools/bin/../lib/gcc/arm-none-eabi/12.3.1/../../../../arm-none-eabi/lib/thumb/v7e-m+fp/hard\libc_nano.a(libc_a-findfp.o)
 .debug_frame   0x00001990       0x6c C:/ST/STM32CubeIDE_1.16.1/STM32CubeIDE/plugins/com.st.stm32cube.ide.mcu.externaltools.gnu-tools-for-stm32.12.3.rel1.win32_1.0.200.202406191623/tools/bin/../lib/gcc/arm-none-eabi/12.3.1/../../../../arm-none-eabi/lib/thumb/v7e-m+fp/hard\libc_nano.a(libc_a-sprintf.o)
 .debug_frame   0x000019fc       0x20 C:/ST/STM32CubeIDE_1.16.1/STM32CubeIDE/plugins/com.st.stm32cube.ide.mcu.externaltools.gnu-tools-for-stm32.12.3.rel1.win32_1.0.200.202406191623/tools/bin/../lib/gcc/arm-none-eabi/12.3.1/../../../../arm-none-eabi/lib/thumb/v7e-m+fp/hard\libc_nano.a(libc_a-memset.o)
 .debug_frame   0x00001a1c       0x38 C:/ST/STM32CubeIDE_1.16.1/STM32CubeIDE/plugins/com.st.stm32cube.ide.mcu.externaltools.gnu-tools-for-stm32.12.3.rel1.win32_1.0.200.202406191623/tools/bin/../lib/gcc/arm-none-eabi/12.3.1/../../../../arm-none-eabi/lib/thumb/v7e-m+fp/hard\libc_nano.a(libc_a-reent.o)
 .debug_frame   0x00001a54       0x20 C:/ST/STM32CubeIDE_1.16.1/STM32CubeIDE/plugins/com.st.stm32cube.ide.mcu.externaltools.gnu-tools-for-stm32.12.3.rel1.win32_1.0.200.202406191623/tools/bin/../lib/gcc/arm-none-eabi/12.3.1/../../../../arm-none-eabi/lib/thumb/v7e-m+fp/hard\libc_nano.a(libc_a-errno.o)
 .debug_frame   0x00001a74       0x2c C:/ST/STM32CubeIDE_1.16.1/STM32CubeIDE/plugins/com.st.stm32cube.ide.mcu.externaltools.gnu-tools-for-stm32.12.3.rel1.win32_1.0.200.202406191623/tools/bin/../lib/gcc/arm-none-eabi/12.3.1/../../../../arm-none-eabi/lib/thumb/v7e-m+fp/hard\libc_nano.a(libc_a-init.o)
 .debug_frame   0x00001aa0       0xb0 C:/ST/STM32CubeIDE_1.16.1/STM32CubeIDE/plugins/com.st.stm32cube.ide.mcu.externaltools.gnu-tools-for-stm32.12.3.rel1.win32_1.0.200.202406191623/tools/bin/../lib/gcc/arm-none-eabi/12.3.1/../../../../arm-none-eabi/lib/thumb/v7e-m+fp/hard\libc_nano.a(libc_a-lock.o)
 .debug_frame   0x00001b50       0x38 C:/ST/STM32CubeIDE_1.16.1/STM32CubeIDE/plugins/com.st.stm32cube.ide.mcu.externaltools.gnu-tools-for-stm32.12.3.rel1.win32_1.0.200.202406191623/tools/bin/../lib/gcc/arm-none-eabi/12.3.1/../../../../arm-none-eabi/lib/thumb/v7e-m+fp/hard\libc_nano.a(libc_a-freer.o)
 .debug_frame   0x00001b88       0x50 C:/ST/STM32CubeIDE_1.16.1/STM32CubeIDE/plugins/com.st.stm32cube.ide.mcu.externaltools.gnu-tools-for-stm32.12.3.rel1.win32_1.0.200.202406191623/tools/bin/../lib/gcc/arm-none-eabi/12.3.1/../../../../arm-none-eabi/lib/thumb/v7e-m+fp/hard\libc_nano.a(libc_a-mallocr.o)
 .debug_frame   0x00001bd8       0x30 C:/ST/STM32CubeIDE_1.16.1/STM32CubeIDE/plugins/com.st.stm32cube.ide.mcu.externaltools.gnu-tools-for-stm32.12.3.rel1.win32_1.0.200.202406191623/tools/bin/../lib/gcc/arm-none-eabi/12.3.1/../../../../arm-none-eabi/lib/thumb/v7e-m+fp/hard\libc_nano.a(libc_a-mlock.o)
 .debug_frame   0x00001c08       0x90 C:/ST/STM32CubeIDE_1.16.1/STM32CubeIDE/plugins/com.st.stm32cube.ide.mcu.externaltools.gnu-tools-for-stm32.12.3.rel1.win32_1.0.200.202406191623/tools/bin/../lib/gcc/arm-none-eabi/12.3.1/../../../../arm-none-eabi/lib/thumb/v7e-m+fp/hard\libc_nano.a(libc_a-nano-svfprintf.o)
 .debug_frame   0x00001c98       0x60 C:/ST/STM32CubeIDE_1.16.1/STM32CubeIDE/plugins/com.st.stm32cube.ide.mcu.externaltools.gnu-tools-for-stm32.12.3.rel1.win32_1.0.200.202406191623/tools/bin/../lib/gcc/arm-none-eabi/12.3.1/../../../../arm-none-eabi/lib/thumb/v7e-m+fp/hard\libc_nano.a(libc_a-nano-vfprintf_i.o)
 .debug_frame   0x00001cf8       0x28 C:/ST/STM32CubeIDE_1.16.1/STM32CubeIDE/plugins/com.st.stm32cube.ide.mcu.externaltools.gnu-tools-for-stm32.12.3.rel1.win32_1.0.200.202406191623/tools/bin/../lib/gcc/arm-none-eabi/12.3.1/../../../../arm-none-eabi/lib/thumb/v7e-m+fp/hard\libc_nano.a(libc_a-memmove.o)
 .debug_frame   0x00001d20       0x2c C:/ST/STM32CubeIDE_1.16.1/STM32CubeIDE/plugins/com.st.stm32cube.ide.mcu.externaltools.gnu-tools-for-stm32.12.3.rel1.win32_1.0.200.202406191623/tools/bin/../lib/gcc/arm-none-eabi/12.3.1/../../../../arm-none-eabi/lib/thumb/v7e-m+fp/hard\libc_nano.a(libc_a-sbrkr.o)
 .debug_frame   0x00001d4c       0x28 C:/ST/STM32CubeIDE_1.16.1/STM32CubeIDE/plugins/com.st.stm32cube.ide.mcu.externaltools.gnu-tools-for-stm32.12.3.rel1.win32_1.0.200.202406191623/tools/bin/../lib/gcc/arm-none-eabi/12.3.1/../../../../arm-none-eabi/lib/thumb/v7e-m+fp/hard\libc_nano.a(libc_a-memcpy-stub.o)
 .debug_frame   0x00001d74       0x3c C:/ST/STM32CubeIDE_1.16.1/STM32CubeIDE/plugins/com.st.stm32cube.ide.mcu.externaltools.gnu-tools-for-stm32.12.3.rel1.win32_1.0.200.202406191623/tools/bin/../lib/gcc/arm-none-eabi/12.3.1/../../../../arm-none-eabi/lib/thumb/v7e-m+fp/hard\libc_nano.a(libc_a-reallocr.o)
 .debug_frame   0x00001db0       0x20 C:/ST/STM32CubeIDE_1.16.1/STM32CubeIDE/plugins/com.st.stm32cube.ide.mcu.externaltools.gnu-tools-for-stm32.12.3.rel1.win32_1.0.200.202406191623/tools/bin/../lib/gcc/arm-none-eabi/12.3.1/../../../../arm-none-eabi/lib/thumb/v7e-m+fp/hard\libc_nano.a(libc_a-msizer.o)
 .debug_frame   0x00001dd0       0x38 C:/ST/STM32CubeIDE_1.16.1/STM32CubeIDE/plugins/com.st.stm32cube.ide.mcu.externaltools.gnu-tools-for-stm32.12.3.rel1.win32_1.0.200.202406191623/tools/bin/../lib/gcc/arm-none-eabi/12.3.1/../../../../arm-none-eabi/lib/thumb/v7e-m+fp/hard\libm.a(libm_a-wf_sqrt.o)
 .debug_frame   0x00001e08       0x20 C:/ST/STM32CubeIDE_1.16.1/STM32CubeIDE/plugins/com.st.stm32cube.ide.mcu.externaltools.gnu-tools-for-stm32.12.3.rel1.win32_1.0.200.202406191623/tools/bin/../lib/gcc/arm-none-eabi/12.3.1/../../../../arm-none-eabi/lib/thumb/v7e-m+fp/hard\libm.a(libm_a-ef_sqrt.o)
 .debug_frame   0x00001e28       0xac C:/ST/STM32CubeIDE_1.16.1/STM32CubeIDE/plugins/com.st.stm32cube.ide.mcu.externaltools.gnu-tools-for-stm32.12.3.rel1.win32_1.0.200.202406191623/tools/bin/../lib/gcc/arm-none-eabi/12.3.1/thumb/v7e-m+fp/hard\libgcc.a(_arm_addsubdf3.o)
 .debug_frame   0x00001ed4       0x50 C:/ST/STM32CubeIDE_1.16.1/STM32CubeIDE/plugins/com.st.stm32cube.ide.mcu.externaltools.gnu-tools-for-stm32.12.3.rel1.win32_1.0.200.202406191623/tools/bin/../lib/gcc/arm-none-eabi/12.3.1/thumb/v7e-m+fp/hard\libgcc.a(_arm_muldivdf3.o)
 .debug_frame   0x00001f24       0x24 C:/ST/STM32CubeIDE_1.16.1/STM32CubeIDE/plugins/com.st.stm32cube.ide.mcu.externaltools.gnu-tools-for-stm32.12.3.rel1.win32_1.0.200.202406191623/tools/bin/../lib/gcc/arm-none-eabi/12.3.1/thumb/v7e-m+fp/hard\libgcc.a(_arm_fixunsdfsi.o)

.debug_line_str
                0x00000000       0x73
 .debug_line_str
                0x00000000       0x73 ./Core/Startup/startup_stm32l476rgtx.o

.debug_loc      0x00000000     0x392e
 .debug_loc     0x00000000      0x3e4 C:\Users\firaz\STM32CubeIDE\workspace_1.16.1\P2 - Digital Multimeter\Lib\libarm_cortexM7lfsp_math.a(arm_rfft_fast_init_f32.o)
 .debug_loc     0x000003e4     0x1112 C:\Users\firaz\STM32CubeIDE\workspace_1.16.1\P2 - Digital Multimeter\Lib\libarm_cortexM7lfsp_math.a(arm_rfft_fast_f32.o)
 .debug_loc     0x000014f6     0x13a7 C:\Users\firaz\STM32CubeIDE\workspace_1.16.1\P2 - Digital Multimeter\Lib\libarm_cortexM7lfsp_math.a(arm_cfft_f32.o)
 .debug_loc     0x0000289d      0x79f C:\Users\firaz\STM32CubeIDE\workspace_1.16.1\P2 - Digital Multimeter\Lib\libarm_cortexM7lfsp_math.a(arm_cmplx_mag_f32.o)
 .debug_loc     0x0000303c      0x8f2 C:\Users\firaz\STM32CubeIDE\workspace_1.16.1\P2 - Digital Multimeter\Lib\libarm_cortexM7lfsp_math.a(arm_cfft_radix8_f32.o)

.debug_ranges   0x00000000      0x128
 .debug_ranges  0x00000000       0x10 C:\Users\firaz\STM32CubeIDE\workspace_1.16.1\P2 - Digital Multimeter\Lib\libarm_cortexM7lfsp_math.a(arm_rfft_fast_init_f32.o)
 .debug_ranges  0x00000010       0x20 C:\Users\firaz\STM32CubeIDE\workspace_1.16.1\P2 - Digital Multimeter\Lib\libarm_cortexM7lfsp_math.a(arm_rfft_fast_f32.o)
 .debug_ranges  0x00000030       0x20 C:\Users\firaz\STM32CubeIDE\workspace_1.16.1\P2 - Digital Multimeter\Lib\libarm_cortexM7lfsp_math.a(arm_cfft_f32.o)
 .debug_ranges  0x00000050       0xc8 C:\Users\firaz\STM32CubeIDE\workspace_1.16.1\P2 - Digital Multimeter\Lib\libarm_cortexM7lfsp_math.a(arm_cmplx_mag_f32.o)
 .debug_ranges  0x00000118       0x10 C:\Users\firaz\STM32CubeIDE\workspace_1.16.1\P2 - Digital Multimeter\Lib\libarm_cortexM7lfsp_math.a(arm_cfft_radix8_f32.o)
